****                   ADMIXTURE Version 1.3.0                  ****
****                    Copyright 2008-2015                     ****
****           David Alexander, Suyash Shringarpure,            ****
****                John  Novembre, Ken Lange                   ****
****                                                            ****
****                 Please cite our paper!                     ****
****   Information at www.genetics.ucla.edu/software/admixture  ****

Cross-validation will be performed.  Folds=10.
Parallel execution requested.  Will use 20 threads.
Random seed: 43
Point estimation method: Block relaxation algorithm
Convergence acceleration algorithm: QuasiNewton, 3 secant conditions
Point estimation will terminate when objective function delta < 0.0001
Estimation of standard errors disabled; will compute point estimates only.
Size of G: 658x43997
Performing five EM steps to prime main algorithm
1 (EM) 	Elapsed: 1.391	Loglikelihood: -1.44004e+07	(delta): 6.55215e+06
2 (EM) 	Elapsed: 1.386	Loglikelihood: -1.39695e+07	(delta): 430929
3 (EM) 	Elapsed: 1.387	Loglikelihood: -1.38671e+07	(delta): 102439
4 (EM) 	Elapsed: 1.385	Loglikelihood: -1.38044e+07	(delta): 62688.2
5 (EM) 	Elapsed: 1.387	Loglikelihood: -1.37562e+07	(delta): 48184.7
Initial loglikelihood: -1.37562e+07
Starting main algorithm
1 (QN/Block) 	Elapsed: 3.983	Loglikelihood: -1.26095e+07	(delta): 1.1467e+06
2 (QN/Block) 	Elapsed: 3.981	Loglikelihood: -1.23224e+07	(delta): 287143
3 (QN/Block) 	Elapsed: 4.026	Loglikelihood: -1.22195e+07	(delta): 102857
4 (QN/Block) 	Elapsed: 4.022	Loglikelihood: -1.21763e+07	(delta): 43211
5 (QN/Block) 	Elapsed: 4.014	Loglikelihood: -1.2163e+07	(delta): 13288.8
6 (QN/Block) 	Elapsed: 4.02	Loglikelihood: -1.21565e+07	(delta): 6494.77
7 (QN/Block) 	Elapsed: 4.017	Loglikelihood: -1.21536e+07	(delta): 2939.79
8 (QN/Block) 	Elapsed: 4.022	Loglikelihood: -1.21522e+07	(delta): 1361.07
9 (QN/Block) 	Elapsed: 4.018	Loglikelihood: -1.21513e+07	(delta): 900.07
10 (QN/Block) 	Elapsed: 4.019	Loglikelihood: -1.21508e+07	(delta): 493.596
11 (QN/Block) 	Elapsed: 4.013	Loglikelihood: -1.21504e+07	(delta): 458.011
12 (QN/Block) 	Elapsed: 4.019	Loglikelihood: -1.215e+07	(delta): 316.134
13 (QN/Block) 	Elapsed: 4.02	Loglikelihood: -1.21495e+07	(delta): 532.504
14 (QN/Block) 	Elapsed: 4.02	Loglikelihood: -1.21491e+07	(delta): 452.826
15 (QN/Block) 	Elapsed: 4.019	Loglikelihood: -1.21486e+07	(delta): 411.227
16 (QN/Block) 	Elapsed: 4.024	Loglikelihood: -1.21483e+07	(delta): 315.006
17 (QN/Block) 	Elapsed: 4.016	Loglikelihood: -1.21482e+07	(delta): 168.306
18 (QN/Block) 	Elapsed: 4.02	Loglikelihood: -1.2148e+07	(delta): 177.179
19 (QN/Block) 	Elapsed: 4.058	Loglikelihood: -1.21478e+07	(delta): 136.071
20 (QN/Block) 	Elapsed: 4.038	Loglikelihood: -1.21475e+07	(delta): 304.687
21 (QN/Block) 	Elapsed: 4.038	Loglikelihood: -1.21471e+07	(delta): 435.918
22 (QN/Block) 	Elapsed: 4.051	Loglikelihood: -1.21469e+07	(delta): 185.131
23 (QN/Block) 	Elapsed: 4.036	Loglikelihood: -1.21467e+07	(delta): 180.048
24 (QN/Block) 	Elapsed: 4.026	Loglikelihood: -1.21466e+07	(delta): 138.995
25 (QN/Block) 	Elapsed: 4.025	Loglikelihood: -1.21465e+07	(delta): 114.433
26 (QN/Block) 	Elapsed: 4.012	Loglikelihood: -1.21464e+07	(delta): 65.034
27 (QN/Block) 	Elapsed: 4.011	Loglikelihood: -1.21463e+07	(delta): 75.281
28 (QN/Block) 	Elapsed: 4.012	Loglikelihood: -1.21463e+07	(delta): 36.711
29 (QN/Block) 	Elapsed: 4.026	Loglikelihood: -1.21463e+07	(delta): 35.4191
30 (QN/Block) 	Elapsed: 4.014	Loglikelihood: -1.21462e+07	(delta): 36.2318
31 (QN/Block) 	Elapsed: 4.016	Loglikelihood: -1.21462e+07	(delta): 36.8226
32 (QN/Block) 	Elapsed: 4.01	Loglikelihood: -1.21461e+07	(delta): 117.055
33 (QN/Block) 	Elapsed: 4.052	Loglikelihood: -1.2146e+07	(delta): 124.574
34 (QN/Block) 	Elapsed: 4.052	Loglikelihood: -1.21457e+07	(delta): 233.622
35 (QN/Block) 	Elapsed: 4.049	Loglikelihood: -1.21451e+07	(delta): 587.283
36 (QN/Block) 	Elapsed: 4.052	Loglikelihood: -1.21432e+07	(delta): 1968.02
37 (QN/Block) 	Elapsed: 4.05	Loglikelihood: -1.21342e+07	(delta): 8938.92
38 (QN/Block) 	Elapsed: 4.052	Loglikelihood: -1.20988e+07	(delta): 35387.8
39 (QN/Block) 	Elapsed: 4.056	Loglikelihood: -1.20557e+07	(delta): 43143.4
40 (QN/Block) 	Elapsed: 4.01	Loglikelihood: -1.20359e+07	(delta): 19767.3
41 (QN/Block) 	Elapsed: 4.027	Loglikelihood: -1.20295e+07	(delta): 6386.96
42 (QN/Block) 	Elapsed: 4.014	Loglikelihood: -1.20261e+07	(delta): 3480.32
43 (QN/Block) 	Elapsed: 4.014	Loglikelihood: -1.20245e+07	(delta): 1522.3
44 (QN/Block) 	Elapsed: 4.011	Loglikelihood: -1.20234e+07	(delta): 1108.27
45 (QN/Block) 	Elapsed: 4.014	Loglikelihood: -1.20229e+07	(delta): 581.059
46 (QN/Block) 	Elapsed: 4.015	Loglikelihood: -1.20223e+07	(delta): 542.862
47 (QN/Block) 	Elapsed: 4.017	Loglikelihood: -1.2022e+07	(delta): 347.959
48 (QN/Block) 	Elapsed: 4.014	Loglikelihood: -1.20216e+07	(delta): 334.471
49 (QN/Block) 	Elapsed: 4.016	Loglikelihood: -1.20213e+07	(delta): 369.507
50 (QN/Block) 	Elapsed: 4.015	Loglikelihood: -1.20209e+07	(delta): 333.366
51 (QN/Block) 	Elapsed: 4.014	Loglikelihood: -1.20206e+07	(delta): 295.012
52 (QN/Block) 	Elapsed: 4.01	Loglikelihood: -1.20203e+07	(delta): 310.672
53 (QN/Block) 	Elapsed: 4.027	Loglikelihood: -1.20199e+07	(delta): 458.811
54 (QN/Block) 	Elapsed: 4.025	Loglikelihood: -1.20193e+07	(delta): 554.568
55 (QN/Block) 	Elapsed: 4.024	Loglikelihood: -1.2019e+07	(delta): 338.973
56 (QN/Block) 	Elapsed: 4.024	Loglikelihood: -1.20188e+07	(delta): 162.304
57 (QN/Block) 	Elapsed: 4.017	Loglikelihood: -1.20187e+07	(delta): 132.217
58 (QN/Block) 	Elapsed: 4.015	Loglikelihood: -1.20186e+07	(delta): 64.1053
59 (QN/Block) 	Elapsed: 4.01	Loglikelihood: -1.20185e+07	(delta): 103.03
60 (QN/Block) 	Elapsed: 4.013	Loglikelihood: -1.20184e+07	(delta): 107.434
61 (QN/Block) 	Elapsed: 4.012	Loglikelihood: -1.20183e+07	(delta): 106.562
62 (QN/Block) 	Elapsed: 4.012	Loglikelihood: -1.20182e+07	(delta): 91.0856
63 (QN/Block) 	Elapsed: 4.01	Loglikelihood: -1.20181e+07	(delta): 117.715
64 (QN/Block) 	Elapsed: 4.012	Loglikelihood: -1.2018e+07	(delta): 102.638
65 (QN/Block) 	Elapsed: 4.015	Loglikelihood: -1.20179e+07	(delta): 95.9614
66 (QN/Block) 	Elapsed: 4.012	Loglikelihood: -1.20178e+07	(delta): 87.491
67 (QN/Block) 	Elapsed: 4.016	Loglikelihood: -1.20177e+07	(delta): 131.977
68 (QN/Block) 	Elapsed: 4.017	Loglikelihood: -1.20176e+07	(delta): 109.323
69 (QN/Block) 	Elapsed: 4.02	Loglikelihood: -1.20175e+07	(delta): 89.0643
70 (QN/Block) 	Elapsed: 4.012	Loglikelihood: -1.20174e+07	(delta): 62.4874
71 (QN/Block) 	Elapsed: 4.015	Loglikelihood: -1.20173e+07	(delta): 81.0981
72 (QN/Block) 	Elapsed: 4.011	Loglikelihood: -1.20172e+07	(delta): 127.625
73 (QN/Block) 	Elapsed: 4.014	Loglikelihood: -1.20171e+07	(delta): 82.8306
74 (QN/Block) 	Elapsed: 4.014	Loglikelihood: -1.2017e+07	(delta): 70.366
75 (QN/Block) 	Elapsed: 4.055	Loglikelihood: -1.2017e+07	(delta): 32.2941
76 (QN/Block) 	Elapsed: 4.016	Loglikelihood: -1.2017e+07	(delta): 21.8802
77 (QN/Block) 	Elapsed: 4.01	Loglikelihood: -1.20169e+07	(delta): 58.4458
78 (QN/Block) 	Elapsed: 4.012	Loglikelihood: -1.20169e+07	(delta): 27.7478
79 (QN/Block) 	Elapsed: 4.013	Loglikelihood: -1.20168e+07	(delta): 51.7004
80 (QN/Block) 	Elapsed: 4.019	Loglikelihood: -1.20168e+07	(delta): 59.656
81 (QN/Block) 	Elapsed: 4.017	Loglikelihood: -1.20167e+07	(delta): 42.0426
82 (QN/Block) 	Elapsed: 4.013	Loglikelihood: -1.20167e+07	(delta): 25.3959
83 (QN/Block) 	Elapsed: 4.012	Loglikelihood: -1.20167e+07	(delta): 24.8105
84 (QN/Block) 	Elapsed: 4.016	Loglikelihood: -1.20167e+07	(delta): 24.2422
85 (QN/Block) 	Elapsed: 4.015	Loglikelihood: -1.20167e+07	(delta): 17.3613
86 (QN/Block) 	Elapsed: 4.012	Loglikelihood: -1.20166e+07	(delta): 13.4937
87 (QN/Block) 	Elapsed: 4.012	Loglikelihood: -1.20166e+07	(delta): 9.9161
88 (QN/Block) 	Elapsed: 4.016	Loglikelihood: -1.20166e+07	(delta): 15.1071
89 (QN/Block) 	Elapsed: 4.004	Loglikelihood: -1.20166e+07	(delta): 11.7722
90 (QN/Block) 	Elapsed: 4	Loglikelihood: -1.20166e+07	(delta): 6.89406
91 (QN/Block) 	Elapsed: 4.001	Loglikelihood: -1.20166e+07	(delta): 3.03559
92 (QN/Block) 	Elapsed: 3.999	Loglikelihood: -1.20166e+07	(delta): 6.12002
93 (QN/Block) 	Elapsed: 4.004	Loglikelihood: -1.20166e+07	(delta): 3.54349
