****                   ADMIXTURE Version 1.3.0                  ****
****                    Copyright 2008-2015                     ****
****           David Alexander, Suyash Shringarpure,            ****
****                John  Novembre, Ken Lange                   ****
****                                                            ****
****                 Please cite our paper!                     ****
****   Information at www.genetics.ucla.edu/software/admixture  ****

Cross-validation will be performed.  Folds=10.
Parallel execution requested.  Will use 20 threads.
Random seed: 43
Point estimation method: Block relaxation algorithm
Convergence acceleration algorithm: QuasiNewton, 3 secant conditions
Point estimation will terminate when objective function delta < 0.0001
Estimation of standard errors disabled; will compute point estimates only.
Size of G: 658x43997
Performing five EM steps to prime main algorithm
1 (EM) 	Elapsed: 0.286	Loglikelihood: -1.36926e+07	(delta): 1.45608e+07
2 (EM) 	Elapsed: 0.284	Loglikelihood: -1.36926e+07	(delta): -1.86265e-09
3 (EM) 	Elapsed: 0.287	Loglikelihood: -1.36926e+07	(delta): -1.86265e-09
4 (EM) 	Elapsed: 0.287	Loglikelihood: -1.36926e+07	(delta): 3.72529e-09
5 (EM) 	Elapsed: 0.285	Loglikelihood: -1.36926e+07	(delta): -1.86265e-09
Initial loglikelihood: -1.36926e+07
Starting main algorithm
1 (QN/Block) 	Elapsed: 1.093	Loglikelihood: -1.36926e+07	(delta): 1.86265e-09
Summary: 
Converged in 1 iterations (2.61 sec)
Loglikelihood: -13692584.092413
