****                   ADMIXTURE Version 1.3.0                  ****
****                    Copyright 2008-2015                     ****
****           David Alexander, Suyash Shringarpure,            ****
****                John  Novembre, Ken Lange                   ****
****                                                            ****
****                 Please cite our paper!                     ****
****   Information at www.genetics.ucla.edu/software/admixture  ****

Cross-validation will be performed.  Folds=10.
Parallel execution requested.  Will use 20 threads.
Random seed: 43
Point estimation method: Block relaxation algorithm
Convergence acceleration algorithm: QuasiNewton, 3 secant conditions
Point estimation will terminate when objective function delta < 0.0001
Estimation of standard errors disabled; will compute point estimates only.
Size of G: 658x43997
Performing five EM steps to prime main algorithm
1 (EM) 	Elapsed: 1.028	Loglikelihood: -1.44379e+07	(delta): 7.06376e+06
2 (EM) 	Elapsed: 1.025	Loglikelihood: -1.39978e+07	(delta): 440032
3 (EM) 	Elapsed: 1.025	Loglikelihood: -1.38798e+07	(delta): 118067
4 (EM) 	Elapsed: 1.026	Loglikelihood: -1.38095e+07	(delta): 70306.8
5 (EM) 	Elapsed: 1.028	Loglikelihood: -1.3759e+07	(delta): 50517.7
Initial loglikelihood: -1.3759e+07
Starting main algorithm
1 (QN/Block) 	Elapsed: 3.243	Loglikelihood: -1.27517e+07	(delta): 1.00726e+06
2 (QN/Block) 	Elapsed: 3.244	Loglikelihood: -1.24169e+07	(delta): 334804
3 (QN/Block) 	Elapsed: 3.28	Loglikelihood: -1.23303e+07	(delta): 86625.5
4 (QN/Block) 	Elapsed: 3.278	Loglikelihood: -1.2274e+07	(delta): 56293.4
5 (QN/Block) 	Elapsed: 3.274	Loglikelihood: -1.22502e+07	(delta): 23809.9
6 (QN/Block) 	Elapsed: 3.272	Loglikelihood: -1.2237e+07	(delta): 13187.6
7 (QN/Block) 	Elapsed: 3.272	Loglikelihood: -1.22296e+07	(delta): 7412.34
8 (QN/Block) 	Elapsed: 3.267	Loglikelihood: -1.22265e+07	(delta): 3033.69
9 (QN/Block) 	Elapsed: 3.265	Loglikelihood: -1.22246e+07	(delta): 1890.34
10 (QN/Block) 	Elapsed: 3.276	Loglikelihood: -1.22238e+07	(delta): 805.377
11 (QN/Block) 	Elapsed: 3.258	Loglikelihood: -1.22234e+07	(delta): 398.803
12 (QN/Block) 	Elapsed: 3.257	Loglikelihood: -1.22231e+07	(delta): 333.185
13 (QN/Block) 	Elapsed: 3.259	Loglikelihood: -1.22228e+07	(delta): 353.735
14 (QN/Block) 	Elapsed: 3.261	Loglikelihood: -1.2222e+07	(delta): 779.597
15 (QN/Block) 	Elapsed: 3.269	Loglikelihood: -1.22202e+07	(delta): 1722.91
16 (QN/Block) 	Elapsed: 3.294	Loglikelihood: -1.2215e+07	(delta): 5266.88
17 (QN/Block) 	Elapsed: 3.294	Loglikelihood: -1.22031e+07	(delta): 11859.4
18 (QN/Block) 	Elapsed: 3.293	Loglikelihood: -1.21811e+07	(delta): 22061.4
19 (QN/Block) 	Elapsed: 3.293	Loglikelihood: -1.21663e+07	(delta): 14793.1
20 (QN/Block) 	Elapsed: 3.263	Loglikelihood: -1.21578e+07	(delta): 8473.72
21 (QN/Block) 	Elapsed: 3.261	Loglikelihood: -1.21472e+07	(delta): 10554
22 (QN/Block) 	Elapsed: 3.259	Loglikelihood: -1.21375e+07	(delta): 9751.7
23 (QN/Block) 	Elapsed: 3.238	Loglikelihood: -1.21284e+07	(delta): 9112.44
24 (QN/Block) 	Elapsed: 3.242	Loglikelihood: -1.21221e+07	(delta): 6324.54
25 (QN/Block) 	Elapsed: 3.244	Loglikelihood: -1.21188e+07	(delta): 3301.98
26 (QN/Block) 	Elapsed: 3.244	Loglikelihood: -1.21176e+07	(delta): 1152.01
27 (QN/Block) 	Elapsed: 3.264	Loglikelihood: -1.21173e+07	(delta): 324.101
28 (QN/Block) 	Elapsed: 3.236	Loglikelihood: -1.21171e+07	(delta): 136.525
29 (QN/Block) 	Elapsed: 3.237	Loglikelihood: -1.21171e+07	(delta): 32.3389
30 (QN/Block) 	Elapsed: 3.239	Loglikelihood: -1.21171e+07	(delta): 4.43169
31 (QN/Block) 	Elapsed: 3.237	Loglikelihood: -1.21171e+07	(delta): 0.468023
32 (QN/Block) 	Elapsed: 3.239	Loglikelihood: -1.21171e+07	(delta): 0.125314
33 (QN/Block) 	Elapsed: 3.239	Loglikelihood: -1.21171e+07	(delta): 0.0228006
34 (QN/Block) 	Elapsed: 3.239	Loglikelihood: -1.21171e+07	(delta): 0.00305008
35 (QN/Block) 	Elapsed: 3.236	Loglikelihood: -1.21171e+07	(delta): 0.000678854
36 (QN/Block) 	Elapsed: 3.274	Loglikelihood: -1.21171e+07	(delta): 0.000321958
37 (QN/Block) 	Elapsed: 3.273	Loglikelihood: -1.21171e+07	(delta): 0.000349551
38 (QN/Block) 	Elapsed: 3.24	Loglikelihood: -1.21171e+07	(delta): 0.000170086
39 (QN/Block) 	Elapsed: 3.262	Loglikelihood: -1.21171e+07	(delta): 2.5956e-05
Summary: 
Converged in 39 iterations (132.791 sec)
Loglikelihood: -12117100.041476
Fst divergences between estimated populations: 
	Pop0	Pop1	Pop2	Pop3	
Pop0	
Pop1	0.311	
Pop2	0.124	0.338	
Pop3	0.268	0.364	0.285	
Pop4	0.268	0.287	0.291	0.332	
CV error (K=5): 0.50112
Writing output files.
