****                   ADMIXTURE Version 1.3.0                  ****
****                    Copyright 2008-2015                     ****
****           David Alexander, Suyash Shringarpure,            ****
****                John  Novembre, Ken Lange                   ****
****                                                            ****
****                 Please cite our paper!                     ****
****   Information at www.genetics.ucla.edu/software/admixture  ****

Cross-validation will be performed.  Folds=10.
Parallel execution requested.  Will use 40 threads.
Random seed: 43
Point estimation method: Block relaxation algorithm
Convergence acceleration algorithm: QuasiNewton, 3 secant conditions
Point estimation will terminate when objective function delta < 0.0001
Estimation of standard errors disabled; will compute point estimates only.
Size of G: 948x14387
Performing five EM steps to prime main algorithm
1 (EM) 	Elapsed: 0.434	Loglikelihood: -1.39451e+07	(delta): 7.26529e+06
2 (EM) 	Elapsed: 0.43	Loglikelihood: -1.3528e+07	(delta): 417100
3 (EM) 	Elapsed: 0.425	Loglikelihood: -1.34144e+07	(delta): 113656
4 (EM) 	Elapsed: 0.43	Loglikelihood: -1.33496e+07	(delta): 64803.6
5 (EM) 	Elapsed: 0.431	Loglikelihood: -1.33059e+07	(delta): 43683.8
Initial loglikelihood: -1.33059e+07
Starting main algorithm
1 (QN/Block) 	Elapsed: 1.313	Loglikelihood: -1.25387e+07	(delta): 767235
2 (QN/Block) 	Elapsed: 1.337	Loglikelihood: -1.23119e+07	(delta): 226722
3 (QN/Block) 	Elapsed: 1.335	Loglikelihood: -1.22129e+07	(delta): 99069.4
4 (QN/Block) 	Elapsed: 1.323	Loglikelihood: -1.21774e+07	(delta): 35516.8
5 (QN/Block) 	Elapsed: 1.329	Loglikelihood: -1.21702e+07	(delta): 7125.15
6 (QN/Block) 	Elapsed: 1.359	Loglikelihood: -1.21668e+07	(delta): 3431.1
7 (QN/Block) 	Elapsed: 1.349	Loglikelihood: -1.21651e+07	(delta): 1717.85
8 (QN/Block) 	Elapsed: 1.325	Loglikelihood: -1.21643e+07	(delta): 763.883
9 (QN/Block) 	Elapsed: 1.332	Loglikelihood: -1.2164e+07	(delta): 349.149
10 (QN/Block) 	Elapsed: 1.344	Loglikelihood: -1.21639e+07	(delta): 95.3738
11 (QN/Block) 	Elapsed: 1.355	Loglikelihood: -1.21639e+07	(delta): 12.0872
12 (QN/Block) 	Elapsed: 1.316	Loglikelihood: -1.21639e+07	(delta): 3.95199
13 (QN/Block) 	Elapsed: 1.35	Loglikelihood: -1.21639e+07	(delta): 0.770571
14 (QN/Block) 	Elapsed: 1.353	Loglikelihood: -1.21639e+07	(delta): 0.200875
15 (QN/Block) 	Elapsed: 1.358	Loglikelihood: -1.21639e+07	(delta): 0.0758577
16 (QN/Block) 	Elapsed: 1.344	Loglikelihood: -1.21639e+07	(delta): 0.0272879
17 (QN/Block) 	Elapsed: 1.357	Loglikelihood: -1.21639e+07	(delta): 0.00465851
18 (QN/Block) 	Elapsed: 1.344	Loglikelihood: -1.21639e+07	(delta): 0.000691237
19 (QN/Block) 	Elapsed: 1.334	Loglikelihood: -1.21639e+07	(delta): 0.00011166
20 (QN/Block) 	Elapsed: 1.345	Loglikelihood: -1.21639e+07	(delta): 2.26535e-05
Summary: 
Converged in 20 iterations (29.052 sec)
Loglikelihood: -12163856.049007
Fst divergences between estimated populations: 
	Pop0	Pop1	Pop2	
Pop0	
Pop1	0.202	
Pop2	0.223	0.087	
Pop3	0.194	0.188	0.198	
CV error (K=4): 0.47878
Writing output files.
