****                   ADMIXTURE Version 1.3.0                  ****
****                    Copyright 2008-2015                     ****
****           David Alexander, Suyash Shringarpure,            ****
****                John  Novembre, Ken Lange                   ****
****                                                            ****
****                 Please cite our paper!                     ****
****   Information at www.genetics.ucla.edu/software/admixture  ****

Cross-validation will be performed.  Folds=10.
Parallel execution requested.  Will use 40 threads.
Random seed: 43
Point estimation method: Block relaxation algorithm
Convergence acceleration algorithm: QuasiNewton, 3 secant conditions
Point estimation will terminate when objective function delta < 0.0001
Estimation of standard errors disabled; will compute point estimates only.
Size of G: 948x14387
Performing five EM steps to prime main algorithm
1 (EM) 	Elapsed: 0.969	Loglikelihood: -1.38705e+07	(delta): 6.15777e+06
2 (EM) 	Elapsed: 0.96	Loglikelihood: -1.34774e+07	(delta): 393080
3 (EM) 	Elapsed: 0.975	Loglikelihood: -1.34e+07	(delta): 77434.4
4 (EM) 	Elapsed: 0.978	Loglikelihood: -1.33563e+07	(delta): 43661.1
5 (EM) 	Elapsed: 0.98	Loglikelihood: -1.33232e+07	(delta): 33118.1
Initial loglikelihood: -1.33232e+07
Starting main algorithm
1 (QN/Block) 	Elapsed: 3.254	Loglikelihood: -1.22815e+07	(delta): 1.04168e+06
2 (QN/Block) 	Elapsed: 3.25	Loglikelihood: -1.20624e+07	(delta): 219105
3 (QN/Block) 	Elapsed: 3.272	Loglikelihood: -1.19701e+07	(delta): 92316.4
4 (QN/Block) 	Elapsed: 3.265	Loglikelihood: -1.18822e+07	(delta): 87852.9
5 (QN/Block) 	Elapsed: 3.259	Loglikelihood: -1.18564e+07	(delta): 25837
6 (QN/Block) 	Elapsed: 3.259	Loglikelihood: -1.185e+07	(delta): 6402.79
7 (QN/Block) 	Elapsed: 3.262	Loglikelihood: -1.18485e+07	(delta): 1488.99
8 (QN/Block) 	Elapsed: 3.258	Loglikelihood: -1.1848e+07	(delta): 509.626
9 (QN/Block) 	Elapsed: 3.262	Loglikelihood: -1.18478e+07	(delta): 246.309
10 (QN/Block) 	Elapsed: 3.258	Loglikelihood: -1.18477e+07	(delta): 71.9567
11 (QN/Block) 	Elapsed: 3.263	Loglikelihood: -1.18476e+07	(delta): 70.94
12 (QN/Block) 	Elapsed: 3.265	Loglikelihood: -1.18476e+07	(delta): 28.7318
13 (QN/Block) 	Elapsed: 3.262	Loglikelihood: -1.18476e+07	(delta): 28.6557
14 (QN/Block) 	Elapsed: 3.257	Loglikelihood: -1.18475e+07	(delta): 29.782
15 (QN/Block) 	Elapsed: 3.259	Loglikelihood: -1.18475e+07	(delta): 16.0239
16 (QN/Block) 	Elapsed: 3.258	Loglikelihood: -1.18475e+07	(delta): 16.9721
17 (QN/Block) 	Elapsed: 3.257	Loglikelihood: -1.18475e+07	(delta): 10.3753
18 (QN/Block) 	Elapsed: 3.258	Loglikelihood: -1.18475e+07	(delta): 6.77867
19 (QN/Block) 	Elapsed: 3.26	Loglikelihood: -1.18475e+07	(delta): 3.42311
20 (QN/Block) 	Elapsed: 3.263	Loglikelihood: -1.18475e+07	(delta): 5.74128
21 (QN/Block) 	Elapsed: 3.257	Loglikelihood: -1.18475e+07	(delta): 3.4177
22 (QN/Block) 	Elapsed: 3.258	Loglikelihood: -1.18475e+07	(delta): 2.13197
23 (QN/Block) 	Elapsed: 3.258	Loglikelihood: -1.18475e+07	(delta): 0.904188
24 (QN/Block) 	Elapsed: 3.265	Loglikelihood: -1.18475e+07	(delta): 1.0101
25 (QN/Block) 	Elapsed: 3.263	Loglikelihood: -1.18475e+07	(delta): 0.71186
26 (QN/Block) 	Elapsed: 3.259	Loglikelihood: -1.18475e+07	(delta): 0.410545
27 (QN/Block) 	Elapsed: 3.258	Loglikelihood: -1.18475e+07	(delta): 0.409517
28 (QN/Block) 	Elapsed: 3.257	Loglikelihood: -1.18475e+07	(delta): 0.301585
29 (QN/Block) 	Elapsed: 3.259	Loglikelihood: -1.18475e+07	(delta): 0.164735
30 (QN/Block) 	Elapsed: 3.259	Loglikelihood: -1.18475e+07	(delta): 0.0865739
31 (QN/Block) 	Elapsed: 3.259	Loglikelihood: -1.18475e+07	(delta): 0.0542417
32 (QN/Block) 	Elapsed: 3.265	Loglikelihood: -1.18475e+07	(delta): 0.0453213
33 (QN/Block) 	Elapsed: 3.259	Loglikelihood: -1.18475e+07	(delta): 0.0340562
34 (QN/Block) 	Elapsed: 3.269	Loglikelihood: -1.18475e+07	(delta): 0.0210383
35 (QN/Block) 	Elapsed: 3.265	Loglikelihood: -1.18475e+07	(delta): 0.00918574
36 (QN/Block) 	Elapsed: 3.266	Loglikelihood: -1.18475e+07	(delta): 0.0110745
37 (QN/Block) 	Elapsed: 3.275	Loglikelihood: -1.18475e+07	(delta): 0.00778645
38 (QN/Block) 	Elapsed: 3.26	Loglikelihood: -1.18475e+07	(delta): 0.0038553
39 (QN/Block) 	Elapsed: 3.268	Loglikelihood: -1.18475e+07	(delta): 0.00132407
40 (QN/Block) 	Elapsed: 3.264	Loglikelihood: -1.18475e+07	(delta): 0.00109073
41 (QN/Block) 	Elapsed: 3.261	Loglikelihood: -1.18475e+07	(delta): 0.000205744
42 (QN/Block) 	Elapsed: 3.264	Loglikelihood: -1.18475e+07	(delta): 0.000422467
43 (QN/Block) 	Elapsed: 3.26	Loglikelihood: -1.18475e+07	(delta): 0.000123015
44 (QN/Block) 	Elapsed: 3.261	Loglikelihood: -1.18475e+07	(delta): 3.25125e-05
Summary: 
Converged in 44 iterations (148.614 sec)
Loglikelihood: -11847460.332779
Fst divergences between estimated populations: 
	Pop0	Pop1	Pop2	Pop3	Pop4	Pop5	Pop6	
Pop0	
Pop1	0.205	
Pop2	0.225	0.216	
Pop3	0.103	0.240	0.265	
Pop4	0.123	0.213	0.244	0.144	
Pop5	0.118	0.223	0.234	0.170	0.155	
Pop6	0.263	0.238	0.196	0.300	0.282	0.267	
Pop7	0.064	0.211	0.227	0.157	0.125	0.123	0.265	
CV error (K=8): 0.46038
Writing output files.
