****                   ADMIXTURE Version 1.3.0                  ****
****                    Copyright 2008-2015                     ****
****           David Alexander, Suyash Shringarpure,            ****
****                John  Novembre, Ken Lange                   ****
****                                                            ****
****                 Please cite our paper!                     ****
****   Information at www.genetics.ucla.edu/software/admixture  ****

Cross-validation will be performed.  Folds=10.
Parallel execution requested.  Will use 40 threads.
Random seed: 43
Point estimation method: Block relaxation algorithm
Convergence acceleration algorithm: QuasiNewton, 3 secant conditions
Point estimation will terminate when objective function delta < 0.0001
Estimation of standard errors disabled; will compute point estimates only.
Size of G: 948x14387
Performing five EM steps to prime main algorithm
1 (EM) 	Elapsed: 0.325	Loglikelihood: -1.39142e+07	(delta): 7.99521e+06
2 (EM) 	Elapsed: 0.315	Loglikelihood: -1.34951e+07	(delta): 419112
3 (EM) 	Elapsed: 0.316	Loglikelihood: -1.33747e+07	(delta): 120470
4 (EM) 	Elapsed: 0.321	Loglikelihood: -1.33075e+07	(delta): 67172.7
5 (EM) 	Elapsed: 0.32	Loglikelihood: -1.3264e+07	(delta): 43487.2
Initial loglikelihood: -1.3264e+07
Starting main algorithm
1 (QN/Block) 	Elapsed: 1.033	Loglikelihood: -1.27466e+07	(delta): 517375
2 (QN/Block) 	Elapsed: 1.009	Loglikelihood: -1.25422e+07	(delta): 204406
3 (QN/Block) 	Elapsed: 1.032	Loglikelihood: -1.2365e+07	(delta): 177205
4 (QN/Block) 	Elapsed: 1.045	Loglikelihood: -1.23021e+07	(delta): 62872.3
5 (QN/Block) 	Elapsed: 1.02	Loglikelihood: -1.22891e+07	(delta): 13085.6
6 (QN/Block) 	Elapsed: 1.026	Loglikelihood: -1.22861e+07	(delta): 2952.64
7 (QN/Block) 	Elapsed: 1.037	Loglikelihood: -1.22851e+07	(delta): 1019.25
8 (QN/Block) 	Elapsed: 1.028	Loglikelihood: -1.22848e+07	(delta): 284.797
9 (QN/Block) 	Elapsed: 1.028	Loglikelihood: -1.22847e+07	(delta): 81.6722
10 (QN/Block) 	Elapsed: 1.035	Loglikelihood: -1.22847e+07	(delta): 24.2418
11 (QN/Block) 	Elapsed: 1.041	Loglikelihood: -1.22847e+07	(delta): 10.3564
12 (QN/Block) 	Elapsed: 1.006	Loglikelihood: -1.22847e+07	(delta): 3.0833
13 (QN/Block) 	Elapsed: 1.023	Loglikelihood: -1.22847e+07	(delta): 1.07775
14 (QN/Block) 	Elapsed: 1.035	Loglikelihood: -1.22847e+07	(delta): 0.134034
15 (QN/Block) 	Elapsed: 1.012	Loglikelihood: -1.22847e+07	(delta): 0.0620378
16 (QN/Block) 	Elapsed: 1.005	Loglikelihood: -1.22847e+07	(delta): 0.0042999
17 (QN/Block) 	Elapsed: 1.016	Loglikelihood: -1.22847e+07	(delta): 0.00150738
18 (QN/Block) 	Elapsed: 1.015	Loglikelihood: -1.22847e+07	(delta): 0.000173472
19 (QN/Block) 	Elapsed: 1.025	Loglikelihood: -1.22847e+07	(delta): 3.98234e-05
Summary: 
Converged in 19 iterations (21.16 sec)
Loglikelihood: -12284680.911253
Fst divergences between estimated populations: 
	Pop0	Pop1	
Pop0	
Pop1	0.087	
Pop2	0.213	0.194	
CV error (K=3): 0.48605
Writing output files.
