****                   ADMIXTURE Version 1.3.0                  ****
****                    Copyright 2008-2015                     ****
****           David Alexander, Suyash Shringarpure,            ****
****                John  Novembre, Ken Lange                   ****
****                                                            ****
****                 Please cite our paper!                     ****
****   Information at www.genetics.ucla.edu/software/admixture  ****

Cross-validation will be performed.  Folds=10.
Parallel execution requested.  Will use 8 threads.
Random seed: 43
Point estimation method: Block relaxation algorithm
Convergence acceleration algorithm: QuasiNewton, 3 secant conditions
Point estimation will terminate when objective function delta < 0.0001
Estimation of standard errors disabled; will compute point estimates only.
Size of G: 947x14387
Performing five EM steps to prime main algorithm
1 (EM) 	Elapsed: 1.629	Loglikelihood: -9.03851e+06	(delta): 3.802e+06
2 (EM) 	Elapsed: 1.638	Loglikelihood: -8.77841e+06	(delta): 260102
3 (EM) 	Elapsed: 1.633	Loglikelihood: -8.72929e+06	(delta): 49119.8
4 (EM) 	Elapsed: 1.637	Loglikelihood: -8.70086e+06	(delta): 28427.5
5 (EM) 	Elapsed: 1.637	Loglikelihood: -8.67748e+06	(delta): 23382.7
Initial loglikelihood: -8.67748e+06
Starting main algorithm
1 (QN/Block) 	Elapsed: 2.475	Loglikelihood: -7.72339e+06	(delta): 954093
2 (QN/Block) 	Elapsed: 2.605	Loglikelihood: -7.52061e+06	(delta): 202776
3 (QN/Block) 	Elapsed: 2.554	Loglikelihood: -7.44828e+06	(delta): 72327
4 (QN/Block) 	Elapsed: 2.54	Loglikelihood: -7.38893e+06	(delta): 59356.1
5 (QN/Block) 	Elapsed: 2.526	Loglikelihood: -7.36235e+06	(delta): 26578.4
6 (QN/Block) 	Elapsed: 2.526	Loglikelihood: -7.35663e+06	(delta): 5714.93
7 (QN/Block) 	Elapsed: 2.545	Loglikelihood: -7.35545e+06	(delta): 1185.27
8 (QN/Block) 	Elapsed: 2.532	Loglikelihood: -7.355e+06	(delta): 449.804
9 (QN/Block) 	Elapsed: 2.62	Loglikelihood: -7.35477e+06	(delta): 227.64
10 (QN/Block) 	Elapsed: 2.527	Loglikelihood: -7.35462e+06	(delta): 147.676
11 (QN/Block) 	Elapsed: 2.532	Loglikelihood: -7.35451e+06	(delta): 115.263
12 (QN/Block) 	Elapsed: 2.523	Loglikelihood: -7.35443e+06	(delta): 81.3009
13 (QN/Block) 	Elapsed: 2.535	Loglikelihood: -7.35429e+06	(delta): 134.829
14 (QN/Block) 	Elapsed: 2.526	Loglikelihood: -7.35424e+06	(delta): 46.8039
15 (QN/Block) 	Elapsed: 2.557	Loglikelihood: -7.35418e+06	(delta): 64.4301
16 (QN/Block) 	Elapsed: 2.585	Loglikelihood: -7.35409e+06	(delta): 88.4351
17 (QN/Block) 	Elapsed: 2.531	Loglikelihood: -7.35401e+06	(delta): 78.5221
18 (QN/Block) 	Elapsed: 2.581	Loglikelihood: -7.35371e+06	(delta): 298.947
19 (QN/Block) 	Elapsed: 2.555	Loglikelihood: -7.35356e+06	(delta): 156.611
20 (QN/Block) 	Elapsed: 2.531	Loglikelihood: -7.35339e+06	(delta): 169.539
21 (QN/Block) 	Elapsed: 2.525	Loglikelihood: -7.3533e+06	(delta): 92.5982
22 (QN/Block) 	Elapsed: 2.624	Loglikelihood: -7.35324e+06	(delta): 57.5866
23 (QN/Block) 	Elapsed: 2.579	Loglikelihood: -7.3532e+06	(delta): 38.6528
24 (QN/Block) 	Elapsed: 2.593	Loglikelihood: -7.3531e+06	(delta): 101.339
25 (QN/Block) 	Elapsed: 2.563	Loglikelihood: -7.35307e+06	(delta): 30.6374
26 (QN/Block) 	Elapsed: 2.528	Loglikelihood: -7.35302e+06	(delta): 47.4777
27 (QN/Block) 	Elapsed: 2.532	Loglikelihood: -7.35297e+06	(delta): 52.3567
28 (QN/Block) 	Elapsed: 2.537	Loglikelihood: -7.35292e+06	(delta): 46.173
29 (QN/Block) 	Elapsed: 2.571	Loglikelihood: -7.35287e+06	(delta): 48.0215
30 (QN/Block) 	Elapsed: 2.532	Loglikelihood: -7.35285e+06	(delta): 24.7239
31 (QN/Block) 	Elapsed: 2.546	Loglikelihood: -7.35282e+06	(delta): 26.6236
32 (QN/Block) 	Elapsed: 2.532	Loglikelihood: -7.35279e+06	(delta): 29.9163
33 (QN/Block) 	Elapsed: 2.533	Loglikelihood: -7.35277e+06	(delta): 19.1445
34 (QN/Block) 	Elapsed: 2.565	Loglikelihood: -7.35276e+06	(delta): 15.3097
35 (QN/Block) 	Elapsed: 2.636	Loglikelihood: -7.35274e+06	(delta): 15.4316
36 (QN/Block) 	Elapsed: 2.557	Loglikelihood: -7.35271e+06	(delta): 33.0677
37 (QN/Block) 	Elapsed: 2.523	Loglikelihood: -7.35268e+06	(delta): 29.0229
38 (QN/Block) 	Elapsed: 2.527	Loglikelihood: -7.35265e+06	(delta): 28.7958
39 (QN/Block) 	Elapsed: 2.556	Loglikelihood: -7.35263e+06	(delta): 20.0259
40 (QN/Block) 	Elapsed: 2.548	Loglikelihood: -7.35258e+06	(delta): 46.7922
41 (QN/Block) 	Elapsed: 2.557	Loglikelihood: -7.35255e+06	(delta): 35.3226
42 (QN/Block) 	Elapsed: 2.633	Loglikelihood: -7.35249e+06	(delta): 60.4946
43 (QN/Block) 	Elapsed: 2.53	Loglikelihood: -7.35244e+06	(delta): 43.9993
44 (QN/Block) 	Elapsed: 2.582	Loglikelihood: -7.35241e+06	(delta): 32.7554
45 (QN/Block) 	Elapsed: 2.527	Loglikelihood: -7.35233e+06	(delta): 79.6654
46 (QN/Block) 	Elapsed: 2.538	Loglikelihood: -7.35228e+06	(delta): 55.119
47 (QN/Block) 	Elapsed: 2.55	Loglikelihood: -7.35224e+06	(delta): 40.8888
48 (QN/Block) 	Elapsed: 2.604	Loglikelihood: -7.35219e+06	(delta): 44.1434
49 (QN/Block) 	Elapsed: 2.609	Loglikelihood: -7.35217e+06	(delta): 27.0356
50 (QN/Block) 	Elapsed: 2.564	Loglikelihood: -7.35213e+06	(delta): 33.8551
51 (QN/Block) 	Elapsed: 2.53	Loglikelihood: -7.35212e+06	(delta): 16.14
52 (QN/Block) 	Elapsed: 2.519	Loglikelihood: -7.35211e+06	(delta): 8.39974
53 (QN/Block) 	Elapsed: 2.617	Loglikelihood: -7.3521e+06	(delta): 7.5865
54 (QN/Block) 	Elapsed: 2.534	Loglikelihood: -7.3521e+06	(delta): 3.66064
55 (QN/Block) 	Elapsed: 2.666	Loglikelihood: -7.35209e+06	(delta): 1.4134
56 (QN/Block) 	Elapsed: 2.528	Loglikelihood: -7.35209e+06	(delta): 0.319185
57 (QN/Block) 	Elapsed: 2.521	Loglikelihood: -7.35209e+06	(delta): 0.121687
58 (QN/Block) 	Elapsed: 2.524	Loglikelihood: -7.35209e+06	(delta): 0.0927811
59 (QN/Block) 	Elapsed: 2.527	Loglikelihood: -7.35209e+06	(delta): 0.0262649
60 (QN/Block) 	Elapsed: 2.532	Loglikelihood: -7.35209e+06	(delta): 0.0139135
61 (QN/Block) 	Elapsed: 2.553	Loglikelihood: -7.35209e+06	(delta): 0.00210433
62 (QN/Block) 	Elapsed: 2.572	Loglikelihood: -7.35209e+06	(delta): 0.00503467
63 (QN/Block) 	Elapsed: 2.524	Loglikelihood: -7.35209e+06	(delta): 0.000468834
64 (QN/Block) 	Elapsed: 2.528	Loglikelihood: -7.35209e+06	(delta): 0.000292021
65 (QN/Block) 	Elapsed: 2.569	Loglikelihood: -7.35209e+06	(delta): 4.97783e-05
Summary: 
Converged in 65 iterations (176.044 sec)
Loglikelihood: -7352093.522226
Fst divergences between estimated populations: 
	Pop0	Pop1	Pop2	Pop3	Pop4	Pop5	Pop6	Pop7	Pop8	
Pop0	
Pop1	0.284	
Pop2	0.233	0.349	
Pop3	0.178	0.319	0.210	
Pop4	0.297	0.309	0.348	0.311	
Pop5	0.129	0.279	0.185	0.112	0.277	
Pop6	0.142	0.292	0.209	0.094	0.283	0.069	
Pop7	0.329	0.326	0.373	0.340	0.257	0.309	0.316	
Pop8	0.256	0.146	0.315	0.277	0.290	0.241	0.248	0.306	
Pop9	0.338	0.326	0.383	0.357	0.273	0.323	0.332	0.268	0.319	
CV error (K=10): 0.42811
Writing output files.
