****                   ADMIXTURE Version 1.3.0                  ****
****                    Copyright 2008-2015                     ****
****           David Alexander, Suyash Shringarpure,            ****
****                John  Novembre, Ken Lange                   ****
****                                                            ****
****                 Please cite our paper!                     ****
****   Information at www.genetics.ucla.edu/software/admixture  ****

Cross-validation will be performed.  Folds=10.
Parallel execution requested.  Will use 8 threads.
Random seed: 43
Point estimation method: Block relaxation algorithm
Convergence acceleration algorithm: QuasiNewton, 3 secant conditions
Point estimation will terminate when objective function delta < 0.0001
Estimation of standard errors disabled; will compute point estimates only.
Size of G: 947x14387
Performing five EM steps to prime main algorithm
1 (EM) 	Elapsed: 0.233	Loglikelihood: -8.62069e+06	(delta): 9.16882e+06
2 (EM) 	Elapsed: 0.241	Loglikelihood: -8.62069e+06	(delta): 0
3 (EM) 	Elapsed: 0.235	Loglikelihood: -8.62069e+06	(delta): 1.86265e-09
4 (EM) 	Elapsed: 0.233	Loglikelihood: -8.62069e+06	(delta): -1.86265e-09
5 (EM) 	Elapsed: 0.233	Loglikelihood: -8.62069e+06	(delta): 1.86265e-09
Initial loglikelihood: -8.62069e+06
Starting main algorithm
1 (QN/Block) 	Elapsed: 0.489	Loglikelihood: -8.62069e+06	(delta): 0
Summary: 
Converged in 1 iterations (1.806 sec)
Loglikelihood: -8620689.029594
CV error (K=1): 0.54995
Writing output files.
