****                   ADMIXTURE Version 1.3.0                  ****
****                    Copyright 2008-2015                     ****
****           David Alexander, Suyash Shringarpure,            ****
****                John  Novembre, Ken Lange                   ****
****                                                            ****
****                 Please cite our paper!                     ****
****   Information at www.genetics.ucla.edu/software/admixture  ****

Cross-validation will be performed.  Folds=10.
Parallel execution requested.  Will use 8 threads.
Random seed: 43
Point estimation method: Block relaxation algorithm
Convergence acceleration algorithm: QuasiNewton, 3 secant conditions
Point estimation will terminate when objective function delta < 0.0001
Estimation of standard errors disabled; will compute point estimates only.
Size of G: 947x14387
Performing five EM steps to prime main algorithm
1 (EM) 	Elapsed: 0.767	Loglikelihood: -9.0784e+06	(delta): 4.15615e+06
2 (EM) 	Elapsed: 0.769	Loglikelihood: -8.81341e+06	(delta): 264998
3 (EM) 	Elapsed: 0.77	Loglikelihood: -8.74961e+06	(delta): 63791.9
4 (EM) 	Elapsed: 0.768	Loglikelihood: -8.71077e+06	(delta): 38846.1
5 (EM) 	Elapsed: 0.771	Loglikelihood: -8.68055e+06	(delta): 30221.8
Initial loglikelihood: -8.68055e+06
Starting main algorithm
1 (QN/Block) 	Elapsed: 1.836	Loglikelihood: -7.76881e+06	(delta): 911733
2 (QN/Block) 	Elapsed: 1.834	Loglikelihood: -7.59927e+06	(delta): 169543
3 (QN/Block) 	Elapsed: 1.904	Loglikelihood: -7.5296e+06	(delta): 69671.3
4 (QN/Block) 	Elapsed: 1.954	Loglikelihood: -7.49807e+06	(delta): 31531.9
5 (QN/Block) 	Elapsed: 1.932	Loglikelihood: -7.49149e+06	(delta): 6579.85
6 (QN/Block) 	Elapsed: 1.904	Loglikelihood: -7.48989e+06	(delta): 1593.98
7 (QN/Block) 	Elapsed: 1.893	Loglikelihood: -7.48904e+06	(delta): 849.448
8 (QN/Block) 	Elapsed: 1.893	Loglikelihood: -7.4889e+06	(delta): 141.363
9 (QN/Block) 	Elapsed: 1.889	Loglikelihood: -7.48883e+06	(delta): 75.7964
10 (QN/Block) 	Elapsed: 1.88	Loglikelihood: -7.48874e+06	(delta): 89.1314
11 (QN/Block) 	Elapsed: 1.874	Loglikelihood: -7.48867e+06	(delta): 64.8581
12 (QN/Block) 	Elapsed: 1.911	Loglikelihood: -7.48861e+06	(delta): 59.2774
13 (QN/Block) 	Elapsed: 1.89	Loglikelihood: -7.48857e+06	(delta): 47.5891
14 (QN/Block) 	Elapsed: 1.877	Loglikelihood: -7.48847e+06	(delta): 96.5979
15 (QN/Block) 	Elapsed: 1.894	Loglikelihood: -7.4884e+06	(delta): 64.3311
16 (QN/Block) 	Elapsed: 1.874	Loglikelihood: -7.48834e+06	(delta): 60.6887
17 (QN/Block) 	Elapsed: 1.874	Loglikelihood: -7.4883e+06	(delta): 41.9648
18 (QN/Block) 	Elapsed: 1.873	Loglikelihood: -7.48828e+06	(delta): 24.0061
19 (QN/Block) 	Elapsed: 1.888	Loglikelihood: -7.48826e+06	(delta): 19.1696
20 (QN/Block) 	Elapsed: 1.931	Loglikelihood: -7.48825e+06	(delta): 13.3694
21 (QN/Block) 	Elapsed: 1.902	Loglikelihood: -7.48822e+06	(delta): 21.1094
22 (QN/Block) 	Elapsed: 1.896	Loglikelihood: -7.48822e+06	(delta): 2.15906
23 (QN/Block) 	Elapsed: 1.88	Loglikelihood: -7.48822e+06	(delta): 2.62073
24 (QN/Block) 	Elapsed: 1.876	Loglikelihood: -7.48822e+06	(delta): 1.93122
25 (QN/Block) 	Elapsed: 1.879	Loglikelihood: -7.48822e+06	(delta): 1.53542
26 (QN/Block) 	Elapsed: 1.874	Loglikelihood: -7.48822e+06	(delta): 0.761643
27 (QN/Block) 	Elapsed: 1.883	Loglikelihood: -7.48821e+06	(delta): 0.379804
28 (QN/Block) 	Elapsed: 1.873	Loglikelihood: -7.48821e+06	(delta): 0.257075
29 (QN/Block) 	Elapsed: 1.874	Loglikelihood: -7.48821e+06	(delta): 0.351238
30 (QN/Block) 	Elapsed: 1.905	Loglikelihood: -7.48821e+06	(delta): 0.212673
31 (QN/Block) 	Elapsed: 1.889	Loglikelihood: -7.48821e+06	(delta): 0.0951063
32 (QN/Block) 	Elapsed: 1.875	Loglikelihood: -7.48821e+06	(delta): 0.0402548
33 (QN/Block) 	Elapsed: 1.89	Loglikelihood: -7.48821e+06	(delta): 0.013805
34 (QN/Block) 	Elapsed: 1.875	Loglikelihood: -7.48821e+06	(delta): 0.0194625
35 (QN/Block) 	Elapsed: 1.873	Loglikelihood: -7.48821e+06	(delta): 0.0174011
36 (QN/Block) 	Elapsed: 1.874	Loglikelihood: -7.48821e+06	(delta): 0.00276973
37 (QN/Block) 	Elapsed: 1.883	Loglikelihood: -7.48821e+06	(delta): 0.000627539
38 (QN/Block) 	Elapsed: 1.874	Loglikelihood: -7.48821e+06	(delta): 0.000349988
39 (QN/Block) 	Elapsed: 1.922	Loglikelihood: -7.48821e+06	(delta): 0.00049717
40 (QN/Block) 	Elapsed: 1.886	Loglikelihood: -7.48821e+06	(delta): 9.80319e-05
Summary: 
Converged in 40 iterations (80.328 sec)
Loglikelihood: -7488213.947592
Fst divergences between estimated populations: 
	Pop0	Pop1	Pop2	Pop3	Pop4	
Pop0	
Pop1	0.282	
Pop2	0.248	0.260	
Pop3	0.137	0.266	0.243	
Pop4	0.325	0.241	0.289	0.309	
Pop5	0.220	0.327	0.305	0.197	0.362	
CV error (K=6): 0.43197
Writing output files.
