****                   ADMIXTURE Version 1.3.0                  ****
****                    Copyright 2008-2015                     ****
****           David Alexander, Suyash Shringarpure,            ****
****                John  Novembre, Ken Lange                   ****
****                                                            ****
****                 Please cite our paper!                     ****
****   Information at www.genetics.ucla.edu/software/admixture  ****

Cross-validation will be performed.  Folds=10.
Parallel execution requested.  Will use 8 threads.
Random seed: 43
Point estimation method: Block relaxation algorithm
Convergence acceleration algorithm: QuasiNewton, 3 secant conditions
Point estimation will terminate when objective function delta < 0.0001
Estimation of standard errors disabled; will compute point estimates only.
Size of G: 947x14387
Performing five EM steps to prime main algorithm
1 (EM) 	Elapsed: 0.948	Loglikelihood: -9.06946e+06	(delta): 4.01758e+06
2 (EM) 	Elapsed: 0.955	Loglikelihood: -8.80557e+06	(delta): 263894
3 (EM) 	Elapsed: 0.954	Loglikelihood: -8.74793e+06	(delta): 57640.2
4 (EM) 	Elapsed: 0.955	Loglikelihood: -8.71397e+06	(delta): 33955.3
5 (EM) 	Elapsed: 0.953	Loglikelihood: -8.68779e+06	(delta): 26183.1
Initial loglikelihood: -8.68779e+06
Starting main algorithm
1 (QN/Block) 	Elapsed: 1.991	Loglikelihood: -7.84946e+06	(delta): 838327
2 (QN/Block) 	Elapsed: 2.014	Loglikelihood: -7.63828e+06	(delta): 211183
3 (QN/Block) 	Elapsed: 2.034	Loglikelihood: -7.55179e+06	(delta): 86491.3
4 (QN/Block) 	Elapsed: 2.056	Loglikelihood: -7.49522e+06	(delta): 56563.7
5 (QN/Block) 	Elapsed: 2.05	Loglikelihood: -7.47592e+06	(delta): 19303.5
6 (QN/Block) 	Elapsed: 2.078	Loglikelihood: -7.47236e+06	(delta): 3559.11
7 (QN/Block) 	Elapsed: 2.029	Loglikelihood: -7.4713e+06	(delta): 1059.82
8 (QN/Block) 	Elapsed: 2.032	Loglikelihood: -7.47089e+06	(delta): 409.688
9 (QN/Block) 	Elapsed: 2.088	Loglikelihood: -7.47074e+06	(delta): 150.172
10 (QN/Block) 	Elapsed: 2.063	Loglikelihood: -7.47059e+06	(delta): 153.749
11 (QN/Block) 	Elapsed: 2.052	Loglikelihood: -7.47045e+06	(delta): 136.468
12 (QN/Block) 	Elapsed: 2.054	Loglikelihood: -7.47028e+06	(delta): 168.982
13 (QN/Block) 	Elapsed: 2.03	Loglikelihood: -7.47016e+06	(delta): 117.672
14 (QN/Block) 	Elapsed: 2.093	Loglikelihood: -7.47011e+06	(delta): 50.4783
15 (QN/Block) 	Elapsed: 2.095	Loglikelihood: -7.47007e+06	(delta): 48.6134
16 (QN/Block) 	Elapsed: 2.072	Loglikelihood: -7.46998e+06	(delta): 86.3233
17 (QN/Block) 	Elapsed: 2.09	Loglikelihood: -7.46979e+06	(delta): 187.475
18 (QN/Block) 	Elapsed: 2.172	Loglikelihood: -7.46972e+06	(delta): 76.6623
19 (QN/Block) 	Elapsed: 2.036	Loglikelihood: -7.46966e+06	(delta): 56.256
20 (QN/Block) 	Elapsed: 2.048	Loglikelihood: -7.46951e+06	(delta): 145.928
21 (QN/Block) 	Elapsed: 2.081	Loglikelihood: -7.46947e+06	(delta): 41.4884
22 (QN/Block) 	Elapsed: 2.027	Loglikelihood: -7.46944e+06	(delta): 33.9591
23 (QN/Block) 	Elapsed: 2.029	Loglikelihood: -7.46941e+06	(delta): 28.7807
24 (QN/Block) 	Elapsed: 2.029	Loglikelihood: -7.46939e+06	(delta): 18.073
25 (QN/Block) 	Elapsed: 2.029	Loglikelihood: -7.46938e+06	(delta): 11.2063
26 (QN/Block) 	Elapsed: 2.068	Loglikelihood: -7.46937e+06	(delta): 6.06728
27 (QN/Block) 	Elapsed: 2.044	Loglikelihood: -7.46937e+06	(delta): 7.88279
28 (QN/Block) 	Elapsed: 2.047	Loglikelihood: -7.46936e+06	(delta): 2.77358
29 (QN/Block) 	Elapsed: 2.031	Loglikelihood: -7.46936e+06	(delta): 2.21463
30 (QN/Block) 	Elapsed: 2.03	Loglikelihood: -7.46936e+06	(delta): 3.11088
31 (QN/Block) 	Elapsed: 2.087	Loglikelihood: -7.46936e+06	(delta): 1.81363
32 (QN/Block) 	Elapsed: 2.091	Loglikelihood: -7.46935e+06	(delta): 2.18894
33 (QN/Block) 	Elapsed: 2.088	Loglikelihood: -7.46935e+06	(delta): 2.81288
34 (QN/Block) 	Elapsed: 2.155	Loglikelihood: -7.46935e+06	(delta): 3.6465
35 (QN/Block) 	Elapsed: 2.122	Loglikelihood: -7.46934e+06	(delta): 4.68337
36 (QN/Block) 	Elapsed: 2.087	Loglikelihood: -7.46934e+06	(delta): 5.88021
37 (QN/Block) 	Elapsed: 2.088	Loglikelihood: -7.46933e+06	(delta): 7.11801
38 (QN/Block) 	Elapsed: 2.096	Loglikelihood: -7.46932e+06	(delta): 8.47074
39 (QN/Block) 	Elapsed: 2.087	Loglikelihood: -7.46931e+06	(delta): 10.0192
40 (QN/Block) 	Elapsed: 2.092	Loglikelihood: -7.4693e+06	(delta): 12.0854
41 (QN/Block) 	Elapsed: 2.086	Loglikelihood: -7.46928e+06	(delta): 15.1093
42 (QN/Block) 	Elapsed: 2.147	Loglikelihood: -7.46927e+06	(delta): 18.0626
43 (QN/Block) 	Elapsed: 2.138	Loglikelihood: -7.46925e+06	(delta): 20.2558
44 (QN/Block) 	Elapsed: 2.091	Loglikelihood: -7.46922e+06	(delta): 21.5825
45 (QN/Block) 	Elapsed: 2.085	Loglikelihood: -7.4692e+06	(delta): 21.7459
46 (QN/Block) 	Elapsed: 2.106	Loglikelihood: -7.46918e+06	(delta): 22.8187
47 (QN/Block) 	Elapsed: 2.122	Loglikelihood: -7.46916e+06	(delta): 23.778
48 (QN/Block) 	Elapsed: 2.069	Loglikelihood: -7.46912e+06	(delta): 33.7028
49 (QN/Block) 	Elapsed: 2.078	Loglikelihood: -7.4691e+06	(delta): 23.3562
50 (QN/Block) 	Elapsed: 2.159	Loglikelihood: -7.46909e+06	(delta): 11.2911
51 (QN/Block) 	Elapsed: 2.116	Loglikelihood: -7.46908e+06	(delta): 3.63961
52 (QN/Block) 	Elapsed: 2.052	Loglikelihood: -7.46908e+06	(delta): 1.78727
53 (QN/Block) 	Elapsed: 2.029	Loglikelihood: -7.46908e+06	(delta): 0.416042
54 (QN/Block) 	Elapsed: 2.03	Loglikelihood: -7.46908e+06	(delta): 0.0668351
55 (QN/Block) 	Elapsed: 2.03	Loglikelihood: -7.46908e+06	(delta): 0.0312531
56 (QN/Block) 	Elapsed: 2.029	Loglikelihood: -7.46908e+06	(delta): 0.0191208
57 (QN/Block) 	Elapsed: 2.031	Loglikelihood: -7.46908e+06	(delta): 0.0361174
58 (QN/Block) 	Elapsed: 2.042	Loglikelihood: -7.46908e+06	(delta): 0.0157992
59 (QN/Block) 	Elapsed: 2.063	Loglikelihood: -7.46908e+06	(delta): 0.0195928
60 (QN/Block) 	Elapsed: 2.03	Loglikelihood: -7.46908e+06	(delta): 0.00116166
61 (QN/Block) 	Elapsed: 2.033	Loglikelihood: -7.46908e+06	(delta): 0.00183879
62 (QN/Block) 	Elapsed: 2.03	Loglikelihood: -7.46908e+06	(delta): 0.000170147
63 (QN/Block) 	Elapsed: 2.033	Loglikelihood: -7.46908e+06	(delta): 0.000442893
64 (QN/Block) 	Elapsed: 2.03	Loglikelihood: -7.46908e+06	(delta): 9.77423e-06
Summary: 
Converged in 64 iterations (138.616 sec)
Loglikelihood: -7469080.855383
Fst divergences between estimated populations: 
	Pop0	Pop1	Pop2	Pop3	Pop4	Pop5	
Pop0	
Pop1	0.127	
Pop2	0.325	0.305	
Pop3	0.140	0.067	0.312	
Pop4	0.248	0.237	0.289	0.246	
Pop5	0.231	0.182	0.369	0.206	0.313	
Pop6	0.282	0.264	0.241	0.268	0.260	0.334	
CV error (K=7): 0.43199
Writing output files.
