****                   ADMIXTURE Version 1.3.0                  ****
****                    Copyright 2008-2015                     ****
****           David Alexander, Suyash Shringarpure,            ****
****                John  Novembre, Ken Lange                   ****
****                                                            ****
****                 Please cite our paper!                     ****
****   Information at www.genetics.ucla.edu/software/admixture  ****

Cross-validation will be performed.  Folds=10.
Parallel execution requested.  Will use 8 threads.
Random seed: 43
Point estimation method: Block relaxation algorithm
Convergence acceleration algorithm: QuasiNewton, 3 secant conditions
Point estimation will terminate when objective function delta < 0.0001
Estimation of standard errors disabled; will compute point estimates only.
Size of G: 947x14387
Performing five EM steps to prime main algorithm
1 (EM) 	Elapsed: 0.364	Loglikelihood: -9.00259e+06	(delta): 6.2305e+06
2 (EM) 	Elapsed: 0.366	Loglikelihood: -8.74697e+06	(delta): 255621
3 (EM) 	Elapsed: 0.366	Loglikelihood: -8.67729e+06	(delta): 69673
4 (EM) 	Elapsed: 0.366	Loglikelihood: -8.64383e+06	(delta): 33468.6
5 (EM) 	Elapsed: 0.367	Loglikelihood: -8.62625e+06	(delta): 17574
Initial loglikelihood: -8.62625e+06
Starting main algorithm
1 (QN/Block) 	Elapsed: 1.049	Loglikelihood: -8.38636e+06	(delta): 239891
2 (QN/Block) 	Elapsed: 1.05	Loglikelihood: -8.18757e+06	(delta): 198789
3 (QN/Block) 	Elapsed: 1.092	Loglikelihood: -8.01729e+06	(delta): 170278
4 (QN/Block) 	Elapsed: 1.124	Loglikelihood: -7.962e+06	(delta): 55292.2
5 (QN/Block) 	Elapsed: 1.107	Loglikelihood: -7.94753e+06	(delta): 14468.5
6 (QN/Block) 	Elapsed: 1.124	Loglikelihood: -7.94666e+06	(delta): 875.022
7 (QN/Block) 	Elapsed: 1.08	Loglikelihood: -7.94661e+06	(delta): 52.775
8 (QN/Block) 	Elapsed: 1.123	Loglikelihood: -7.9466e+06	(delta): 3.94693
9 (QN/Block) 	Elapsed: 1.079	Loglikelihood: -7.9466e+06	(delta): 0.242921
10 (QN/Block) 	Elapsed: 1.079	Loglikelihood: -7.9466e+06	(delta): 0.0181443
11 (QN/Block) 	Elapsed: 1.082	Loglikelihood: -7.9466e+06	(delta): 0.00152202
12 (QN/Block) 	Elapsed: 1.104	Loglikelihood: -7.9466e+06	(delta): 8.2463e-05
Summary: 
Converged in 12 iterations (15.247 sec)
Loglikelihood: -7946602.131310
Fst divergences between estimated populations: 
	Pop0	
Pop0	
Pop1	0.213	
CV error (K=2): 0.47574
Writing output files.
