****                   ADMIXTURE Version 1.3.0                  ****
****                    Copyright 2008-2015                     ****
****           David Alexander, Suyash Shringarpure,            ****
****                John  Novembre, Ken Lange                   ****
****                                                            ****
****                 Please cite our paper!                     ****
****   Information at www.genetics.ucla.edu/software/admixture  ****

Cross-validation will be performed.  Folds=10.
Parallel execution requested.  Will use 8 threads.
Random seed: 43
Point estimation method: Block relaxation algorithm
Convergence acceleration algorithm: QuasiNewton, 3 secant conditions
Point estimation will terminate when objective function delta < 0.0001
Estimation of standard errors disabled; will compute point estimates only.
Size of G: 947x14387
Performing five EM steps to prime main algorithm
1 (EM) 	Elapsed: 0.498	Loglikelihood: -9.10206e+06	(delta): 4.62319e+06
2 (EM) 	Elapsed: 0.499	Loglikelihood: -8.82877e+06	(delta): 273288
3 (EM) 	Elapsed: 0.498	Loglikelihood: -8.75312e+06	(delta): 75657
4 (EM) 	Elapsed: 0.502	Loglikelihood: -8.7094e+06	(delta): 43719.2
5 (EM) 	Elapsed: 0.497	Loglikelihood: -8.6795e+06	(delta): 29899.1
Initial loglikelihood: -8.6795e+06
Starting main algorithm
1 (QN/Block) 	Elapsed: 1.422	Loglikelihood: -8.02456e+06	(delta): 654935
2 (QN/Block) 	Elapsed: 1.422	Loglikelihood: -7.85595e+06	(delta): 168610
3 (QN/Block) 	Elapsed: 1.458	Loglikelihood: -7.77509e+06	(delta): 80860.9
4 (QN/Block) 	Elapsed: 1.489	Loglikelihood: -7.73685e+06	(delta): 38245.5
5 (QN/Block) 	Elapsed: 1.472	Loglikelihood: -7.70899e+06	(delta): 27855.3
6 (QN/Block) 	Elapsed: 1.457	Loglikelihood: -7.69555e+06	(delta): 13441.8
7 (QN/Block) 	Elapsed: 1.454	Loglikelihood: -7.68721e+06	(delta): 8342.34
8 (QN/Block) 	Elapsed: 1.499	Loglikelihood: -7.66917e+06	(delta): 18032.6
9 (QN/Block) 	Elapsed: 1.518	Loglikelihood: -7.6582e+06	(delta): 10970.7
10 (QN/Block) 	Elapsed: 1.458	Loglikelihood: -7.65346e+06	(delta): 4745.26
11 (QN/Block) 	Elapsed: 1.454	Loglikelihood: -7.65212e+06	(delta): 1334.9
12 (QN/Block) 	Elapsed: 1.506	Loglikelihood: -7.6519e+06	(delta): 224.805
13 (QN/Block) 	Elapsed: 1.459	Loglikelihood: -7.65186e+06	(delta): 36.5613
14 (QN/Block) 	Elapsed: 1.461	Loglikelihood: -7.65185e+06	(delta): 8.35435
15 (QN/Block) 	Elapsed: 1.472	Loglikelihood: -7.65185e+06	(delta): 1.48957
16 (QN/Block) 	Elapsed: 1.473	Loglikelihood: -7.65185e+06	(delta): 0.133816
17 (QN/Block) 	Elapsed: 1.474	Loglikelihood: -7.65185e+06	(delta): 0.0660549
18 (QN/Block) 	Elapsed: 1.478	Loglikelihood: -7.65185e+06	(delta): 0.040771
19 (QN/Block) 	Elapsed: 1.489	Loglikelihood: -7.65185e+06	(delta): 0.00835579
20 (QN/Block) 	Elapsed: 1.511	Loglikelihood: -7.65185e+06	(delta): 0.00117871
21 (QN/Block) 	Elapsed: 1.458	Loglikelihood: -7.65185e+06	(delta): 0.000122022
22 (QN/Block) 	Elapsed: 1.458	Loglikelihood: -7.65185e+06	(delta): 1.30795e-05
Summary: 
Converged in 22 iterations (35.374 sec)
Loglikelihood: -7651852.109824
Fst divergences between estimated populations: 
	Pop0	Pop1	Pop2	
Pop0	
Pop1	0.231	
Pop2	0.233	0.221	
Pop3	0.255	0.233	0.106	
CV error (K=4): 0.44658
Writing output files.
