PLINK v2.00a5.12LM 64-bit Intel (25 Jun 2024)
Options in effect:
  --allow-extra-chr
  --bfile ../data/bed/KHU075_SNPcalls_20241105.raw.m90
  --bp-space 5000
  --export phylip
  --out ../data/bed/KHU075_SNPcalls_20241105.raw.m90.bp5000

Hostname: RES-RM326
Working directory: /home/andrew/Dropbox/NSF-DOB-BurOak-core-files/PAPERS-AND-PROJECTS/KHUFU/2024/v3/scripts
Start time: Thu Nov 14 14:46:04 2024

Random number seed: 1731617164
64200 MiB RAM detected, ~26555 available; reserving 26491 MiB for main
workspace.
Using up to 16 threads (change this with --threads).
947 samples (0 females, 0 males, 947 ambiguous; 947 founders) loaded from
../data/bed/KHU075_SNPcalls_20241105.raw.m90.fam.
249112 variants loaded from ../data/bed/KHU075_SNPcalls_20241105.raw.m90.bim.
Note: No phenotype data present.
--bp-space: 234725 variants removed (14387 remaining).
14387 variants remaining after main filters.
--export phylip: ../data/bed/KHU075_SNPcalls_20241105.raw.m90.bp5000.phy
written.

End time: Thu Nov 14 14:46:05 2024
