****                   ADMIXTURE Version 1.3.0                  ****
****                    Copyright 2008-2015                     ****
****           David Alexander, Suyash Shringarpure,            ****
****                John  Novembre, Ken Lange                   ****
****                                                            ****
****                 Please cite our paper!                     ****
****   Information at www.genetics.ucla.edu/software/admixture  ****

Cross-validation will be performed.  Folds=10.
Parallel execution requested.  Will use 20 threads.
Random seed: 43
Point estimation method: Block relaxation algorithm
Convergence acceleration algorithm: QuasiNewton, 3 secant conditions
Point estimation will terminate when objective function delta < 0.0001
Estimation of standard errors disabled; will compute point estimates only.
Size of G: 733x43997
Performing five EM steps to prime main algorithm
1 (EM) 	Elapsed: 5.017	Loglikelihood: -3.23912e+07	(delta): 1.4528e+07
2 (EM) 	Elapsed: 5.011	Loglikelihood: -3.14622e+07	(delta): 929086
3 (EM) 	Elapsed: 5.008	Loglikelihood: -3.12953e+07	(delta): 166852
4 (EM) 	Elapsed: 5.014	Loglikelihood: -3.1203e+07	(delta): 92267.4
5 (EM) 	Elapsed: 5.006	Loglikelihood: -3.11313e+07	(delta): 71695.1
Initial loglikelihood: -3.11313e+07
Starting main algorithm
1 (QN/Block) 	Elapsed: 13.086	Loglikelihood: -2.90897e+07	(delta): 2.04164e+06
2 (QN/Block) 	Elapsed: 13.155	Loglikelihood: -2.8629e+07	(delta): 460664
3 (QN/Block) 	Elapsed: 13.282	Loglikelihood: -2.85058e+07	(delta): 123272
4 (QN/Block) 	Elapsed: 13.214	Loglikelihood: -2.84118e+07	(delta): 93970.2
5 (QN/Block) 	Elapsed: 13.253	Loglikelihood: -2.83496e+07	(delta): 62174.5
6 (QN/Block) 	Elapsed: 13.251	Loglikelihood: -2.83042e+07	(delta): 45442.1
7 (QN/Block) 	Elapsed: 13.211	Loglikelihood: -2.82641e+07	(delta): 40110
8 (QN/Block) 	Elapsed: 13.213	Loglikelihood: -2.82377e+07	(delta): 26422.7
