****                   ADMIXTURE Version 1.3.0                  ****
****                    Copyright 2008-2015                     ****
****           David Alexander, Suyash Shringarpure,            ****
****                John  Novembre, Ken Lange                   ****
****                                                            ****
****                 Please cite our paper!                     ****
****   Information at www.genetics.ucla.edu/software/admixture  ****

Cross-validation will be performed.  Folds=10.
Parallel execution requested.  Will use 20 threads.
Random seed: 43
Point estimation method: Block relaxation algorithm
Convergence acceleration algorithm: QuasiNewton, 3 secant conditions
Point estimation will terminate when objective function delta < 0.0001
Estimation of standard errors disabled; will compute point estimates only.
Size of G: 733x43997
Performing five EM steps to prime main algorithm
1 (EM) 	Elapsed: 1.485	Loglikelihood: -3.26069e+07	(delta): 1.75683e+07
2 (EM) 	Elapsed: 1.471	Loglikelihood: -3.16324e+07	(delta): 974446
3 (EM) 	Elapsed: 1.477	Loglikelihood: -3.13689e+07	(delta): 263526
4 (EM) 	Elapsed: 1.47	Loglikelihood: -3.12169e+07	(delta): 152008
5 (EM) 	Elapsed: 1.477	Loglikelihood: -3.1113e+07	(delta): 103928
Initial loglikelihood: -3.1113e+07
Starting main algorithm
