****                   ADMIXTURE Version 1.3.0                  ****
****                    Copyright 2008-2015                     ****
****           David Alexander, Suyash Shringarpure,            ****
****                John  Novembre, Ken Lange                   ****
****                                                            ****
****                 Please cite our paper!                     ****
****   Information at www.genetics.ucla.edu/software/admixture  ****

Cross-validation will be performed.  Folds=10.
Parallel execution requested.  Will use 20 threads.
Random seed: 43
Point estimation method: Block relaxation algorithm
Convergence acceleration algorithm: QuasiNewton, 3 secant conditions
Point estimation will terminate when objective function delta < 0.0001
Estimation of standard errors disabled; will compute point estimates only.
Size of G: 733x43997
Performing five EM steps to prime main algorithm
1 (EM) 	Elapsed: 4.063	Loglikelihood: -3.2425e+07	(delta): 1.47357e+07
2 (EM) 	Elapsed: 4.062	Loglikelihood: -3.14935e+07	(delta): 931465
3 (EM) 	Elapsed: 4.059	Loglikelihood: -3.13172e+07	(delta): 176375
4 (EM) 	Elapsed: 4.064	Loglikelihood: -3.12174e+07	(delta): 99710.8
5 (EM) 	Elapsed: 4.06	Loglikelihood: -3.11405e+07	(delta): 76967.4
Initial loglikelihood: -3.11405e+07
Starting main algorithm
1 (QN/Block) 	Elapsed: 11.361	Loglikelihood: -2.90584e+07	(delta): 2.0821e+06
2 (QN/Block) 	Elapsed: 11.077	Loglikelihood: -2.86897e+07	(delta): 368719
3 (QN/Block) 	Elapsed: 11.196	Loglikelihood: -2.85766e+07	(delta): 113101
4 (QN/Block) 	Elapsed: 10.934	Loglikelihood: -2.84868e+07	(delta): 89761.5
5 (QN/Block) 	Elapsed: 11.084	Loglikelihood: -2.83823e+07	(delta): 104498
