****                   ADMIXTURE Version 1.3.0                  ****
****                    Copyright 2008-2015                     ****
****           David Alexander, Suyash Shringarpure,            ****
****                John  Novembre, Ken Lange                   ****
****                                                            ****
****                 Please cite our paper!                     ****
****   Information at www.genetics.ucla.edu/software/admixture  ****

Cross-validation will be performed.  Folds=10.
Parallel execution requested.  Will use 20 threads.
Random seed: 43
Point estimation method: Block relaxation algorithm
Convergence acceleration algorithm: QuasiNewton, 3 secant conditions
Point estimation will terminate when objective function delta < 0.0001
Estimation of standard errors disabled; will compute point estimates only.
Size of G: 733x43997
Performing five EM steps to prime main algorithm
1 (EM) 	Elapsed: 0.681	Loglikelihood: -3.22717e+07	(delta): 2.30405e+07
2 (EM) 	Elapsed: 0.671	Loglikelihood: -3.13578e+07	(delta): 913901
3 (EM) 	Elapsed: 0.67	Loglikelihood: -3.11115e+07	(delta): 246372
4 (EM) 	Elapsed: 0.67	Loglikelihood: -3.09933e+07	(delta): 118137
5 (EM) 	Elapsed: 0.67	Loglikelihood: -3.09326e+07	(delta): 60776.3
Initial loglikelihood: -3.09326e+07
Starting main algorithm
1 (QN/Block) 	Elapsed: 2.229	Loglikelihood: -3.04569e+07	(delta): 475657
2 (QN/Block) 	Elapsed: 2.229	Loglikelihood: -3.01806e+07	(delta): 276280
3 (QN/Block) 	Elapsed: 2.258	Loglikelihood: -2.99661e+07	(delta): 214548
4 (QN/Block) 	Elapsed: 2.262	Loglikelihood: -2.97754e+07	(delta): 190714
5 (QN/Block) 	Elapsed: 2.273	Loglikelihood: -2.97178e+07	(delta): 57541.3
6 (QN/Block) 	Elapsed: 2.253	Loglikelihood: -2.97114e+07	(delta): 6386.03
7 (QN/Block) 	Elapsed: 2.272	Loglikelihood: -2.97097e+07	(delta): 1681.88
8 (QN/Block) 	Elapsed: 2.272	Loglikelihood: -2.97096e+07	(delta): 155.794
9 (QN/Block) 	Elapsed: 2.252	Loglikelihood: -2.97096e+07	(delta): 4.11329
10 (QN/Block) 	Elapsed: 2.251	Loglikelihood: -2.97096e+07	(delta): 0.850385
11 (QN/Block) 	Elapsed: 2.254	Loglikelihood: -2.97096e+07	(delta): 0.0906504
12 (QN/Block) 	Elapsed: 2.252	Loglikelihood: -2.97096e+07	(delta): 0.0193621
13 (QN/Block) 	Elapsed: 2.255	Loglikelihood: -2.97096e+07	(delta): 0.00309796
