****                   ADMIXTURE Version 1.3.0                  ****
****                    Copyright 2008-2015                     ****
****           David Alexander, Suyash Shringarpure,            ****
****                John  Novembre, Ken Lange                   ****
****                                                            ****
****                 Please cite our paper!                     ****
****   Information at www.genetics.ucla.edu/software/admixture  ****

Cross-validation will be performed.  Folds=10.
Parallel execution requested.  Will use 20 threads.
Random seed: 43
Point estimation method: Block relaxation algorithm
Convergence acceleration algorithm: QuasiNewton, 3 secant conditions
Point estimation will terminate when objective function delta < 0.0001
Estimation of standard errors disabled; will compute point estimates only.
Size of G: 733x43997
Performing five EM steps to prime main algorithm
1 (EM) 	Elapsed: 1.051	Loglikelihood: -3.25666e+07	(delta): 1.94153e+07
2 (EM) 	Elapsed: 1.043	Loglikelihood: -3.15772e+07	(delta): 989380
3 (EM) 	Elapsed: 1.042	Loglikelihood: -3.12934e+07	(delta): 283852
4 (EM) 	Elapsed: 1.042	Loglikelihood: -3.11379e+07	(delta): 155425
5 (EM) 	Elapsed: 1.041	Loglikelihood: -3.1039e+07	(delta): 98904.6
Initial loglikelihood: -3.1039e+07
Starting main algorithm
1 (QN/Block) 	Elapsed: 3.663	Loglikelihood: -2.99707e+07	(delta): 1.06839e+06
2 (QN/Block) 	Elapsed: 3.665	Loglikelihood: -2.95742e+07	(delta): 396438
3 (QN/Block) 	Elapsed: 3.708	Loglikelihood: -2.93689e+07	(delta): 205322
4 (QN/Block) 	Elapsed: 3.713	Loglikelihood: -2.92231e+07	(delta): 145780
5 (QN/Block) 	Elapsed: 3.726	Loglikelihood: -2.91819e+07	(delta): 41221.8
6 (QN/Block) 	Elapsed: 3.691	Loglikelihood: -2.91767e+07	(delta): 5171.3
7 (QN/Block) 	Elapsed: 3.692	Loglikelihood: -2.9176e+07	(delta): 716.556
8 (QN/Block) 	Elapsed: 3.691	Loglikelihood: -2.91759e+07	(delta): 93.8709
9 (QN/Block) 	Elapsed: 3.691	Loglikelihood: -2.91759e+07	(delta): 14.9661
10 (QN/Block) 	Elapsed: 3.691	Loglikelihood: -2.91759e+07	(delta): 4.20976
11 (QN/Block) 	Elapsed: 3.704	Loglikelihood: -2.91759e+07	(delta): 0.144962
12 (QN/Block) 	Elapsed: 3.701	Loglikelihood: -2.91759e+07	(delta): 0.0121637
13 (QN/Block) 	Elapsed: 3.689	Loglikelihood: -2.91759e+07	(delta): 0.00346849
14 (QN/Block) 	Elapsed: 3.69	Loglikelihood: -2.91759e+07	(delta): 0.00131163
15 (QN/Block) 	Elapsed: 3.687	Loglikelihood: -2.91759e+07	(delta): 0.000132937
16 (QN/Block) 	Elapsed: 3.692	Loglikelihood: -2.91759e+07	(delta): 4.42192e-05
Summary: 
Converged in 16 iterations (64.594 sec)
Loglikelihood: -29175888.892596
Fst divergences between estimated populations: 
	Pop0	Pop1	
Pop0	
Pop1	0.089	
Pop2	0.175	0.194	
CV error (K=3): 0.52424
Writing output files.
