****                   ADMIXTURE Version 1.3.0                  ****
****                    Copyright 2008-2015                     ****
****           David Alexander, Suyash Shringarpure,            ****
****                John  Novembre, Ken Lange                   ****
****                                                            ****
****                 Please cite our paper!                     ****
****   Information at www.genetics.ucla.edu/software/admixture  ****

Cross-validation will be performed.  Folds=10.
Parallel execution requested.  Will use 8 threads.
Random seed: 43
Point estimation method: Block relaxation algorithm
Convergence acceleration algorithm: QuasiNewton, 3 secant conditions
Point estimation will terminate when objective function delta < 0.0001
Estimation of standard errors disabled; will compute point estimates only.
Size of G: 733x43997
Performing five EM steps to prime main algorithm
1 (EM) 	Elapsed: 0.465	Loglikelihood: -3.08931e+07	(delta): 3.3581e+07
2 (EM) 	Elapsed: 0.464	Loglikelihood: -3.08931e+07	(delta): 0
3 (EM) 	Elapsed: 0.465	Loglikelihood: -3.08931e+07	(delta): 0
4 (EM) 	Elapsed: 0.465	Loglikelihood: -3.08931e+07	(delta): 3.72529e-09
5 (EM) 	Elapsed: 0.465	Loglikelihood: -3.08931e+07	(delta): -3.72529e-09
Initial loglikelihood: -3.08931e+07
Starting main algorithm
1 (QN/Block) 	Elapsed: 1.497	Loglikelihood: -3.08931e+07	(delta): 0
Summary: 
Converged in 1 iterations (4.022 sec)
Loglikelihood: -30893127.126489
