****                   ADMIXTURE Version 1.3.0                  ****
****                    Copyright 2008-2015                     ****
****           David Alexander, Suyash Shringarpure,            ****
****                John  Novembre, Ken Lange                   ****
****                                                            ****
****                 Please cite our paper!                     ****
****   Information at www.genetics.ucla.edu/software/admixture  ****

Cross-validation will be performed.  Folds=10.
Parallel execution requested.  Will use 16 threads.
Random seed: 43
Point estimation method: Block relaxation algorithm
Convergence acceleration algorithm: QuasiNewton, 3 secant conditions
Point estimation will terminate when objective function delta < 0.0001
Estimation of standard errors disabled; will compute point estimates only.
Size of G: 1000x43997
Performing five EM steps to prime main algorithm
1 (EM) 	Elapsed: 0.535	Loglikelihood: -4.40473e+07	(delta): 4.41469e+07
2 (EM) 	Elapsed: 0.536	Loglikelihood: -4.40473e+07	(delta): 0
3 (EM) 	Elapsed: 0.537	Loglikelihood: -4.40473e+07	(delta): 0
4 (EM) 	Elapsed: 0.537	Loglikelihood: -4.40473e+07	(delta): 0
5 (EM) 	Elapsed: 0.536	Loglikelihood: -4.40473e+07	(delta): 0
Initial loglikelihood: -4.40473e+07
Starting main algorithm
1 (QN/Block) 	Elapsed: 2.581	Loglikelihood: -4.40473e+07	(delta): 0
Summary: 
Converged in 1 iterations (5.412 sec)
Loglikelihood: -44047317.064001
CV error (K=1): 0.60098
Writing output files.
