****                   ADMIXTURE Version 1.3.0                  ****
****                    Copyright 2008-2015                     ****
****           David Alexander, Suyash Shringarpure,            ****
****                John  Novembre, Ken Lange                   ****
****                                                            ****
****                 Please cite our paper!                     ****
****   Information at www.genetics.ucla.edu/software/admixture  ****

Cross-validation will be performed.  Folds=10.
Parallel execution requested.  Will use 8 threads.
Random seed: 43
Point estimation method: Block relaxation algorithm
Convergence acceleration algorithm: QuasiNewton, 3 secant conditions
Point estimation will terminate when objective function delta < 0.0001
Estimation of standard errors disabled; will compute point estimates only.
Size of G: 948x14387
Performing five EM steps to prime main algorithm
1 (EM) 	Elapsed: 1.061	Loglikelihood: -1.39451e+07	(delta): 7.26529e+06
2 (EM) 	Elapsed: 1.058	Loglikelihood: -1.3528e+07	(delta): 417100
3 (EM) 	Elapsed: 1.062	Loglikelihood: -1.34144e+07	(delta): 113656
4 (EM) 	Elapsed: 1.059	Loglikelihood: -1.33496e+07	(delta): 64803.6
5 (EM) 	Elapsed: 1.062	Loglikelihood: -1.33059e+07	(delta): 43683.8
Initial loglikelihood: -1.33059e+07
Starting main algorithm
1 (QN/Block) 	Elapsed: 2.302	Loglikelihood: -1.25387e+07	(delta): 767235
2 (QN/Block) 	Elapsed: 2.321	Loglikelihood: -1.23119e+07	(delta): 226722
3 (QN/Block) 	Elapsed: 2.365	Loglikelihood: -1.22129e+07	(delta): 99069.4
4 (QN/Block) 	Elapsed: 2.361	Loglikelihood: -1.21774e+07	(delta): 35516.8
5 (QN/Block) 	Elapsed: 2.362	Loglikelihood: -1.21702e+07	(delta): 7125.15
6 (QN/Block) 	Elapsed: 2.361	Loglikelihood: -1.21668e+07	(delta): 3431.1
7 (QN/Block) 	Elapsed: 2.361	Loglikelihood: -1.21651e+07	(delta): 1717.85
8 (QN/Block) 	Elapsed: 2.388	Loglikelihood: -1.21643e+07	(delta): 763.883
9 (QN/Block) 	Elapsed: 2.386	Loglikelihood: -1.2164e+07	(delta): 349.149
10 (QN/Block) 	Elapsed: 2.42	Loglikelihood: -1.21639e+07	(delta): 95.3738
11 (QN/Block) 	Elapsed: 2.379	Loglikelihood: -1.21639e+07	(delta): 12.0872
12 (QN/Block) 	Elapsed: 2.406	Loglikelihood: -1.21639e+07	(delta): 3.95199
13 (QN/Block) 	Elapsed: 2.37	Loglikelihood: -1.21639e+07	(delta): 0.770571
14 (QN/Block) 	Elapsed: 2.363	Loglikelihood: -1.21639e+07	(delta): 0.200875
15 (QN/Block) 	Elapsed: 2.361	Loglikelihood: -1.21639e+07	(delta): 0.0758578
16 (QN/Block) 	Elapsed: 2.382	Loglikelihood: -1.21639e+07	(delta): 0.0272879
17 (QN/Block) 	Elapsed: 2.384	Loglikelihood: -1.21639e+07	(delta): 0.00465846
18 (QN/Block) 	Elapsed: 2.363	Loglikelihood: -1.21639e+07	(delta): 0.000691248
19 (QN/Block) 	Elapsed: 2.366	Loglikelihood: -1.21639e+07	(delta): 0.000111658
20 (QN/Block) 	Elapsed: 2.37	Loglikelihood: -1.21639e+07	(delta): 2.26665e-05
Summary: 
Converged in 20 iterations (53.463 sec)
Loglikelihood: -12163856.049007
Fst divergences between estimated populations: 
	Pop0	Pop1	Pop2	
Pop0	
Pop1	0.202	
Pop2	0.223	0.087	
Pop3	0.194	0.188	0.198	
CV error (K=4): 0.47878
Writing output files.
