****                   ADMIXTURE Version 1.3.0                  ****
****                    Copyright 2008-2015                     ****
****           David Alexander, Suyash Shringarpure,            ****
****                John  Novembre, Ken Lange                   ****
****                                                            ****
****                 Please cite our paper!                     ****
****   Information at www.genetics.ucla.edu/software/admixture  ****

Cross-validation will be performed.  Folds=10.
Parallel execution requested.  Will use 8 threads.
Random seed: 43
Point estimation method: Block relaxation algorithm
Convergence acceleration algorithm: QuasiNewton, 3 secant conditions
Point estimation will terminate when objective function delta < 0.0001
Estimation of standard errors disabled; will compute point estimates only.
Size of G: 948x14387
Performing five EM steps to prime main algorithm
1 (EM) 	Elapsed: 2.133	Loglikelihood: -1.38617e+07	(delta): 6.04571e+06
2 (EM) 	Elapsed: 2.029	Loglikelihood: -1.34661e+07	(delta): 395684
3 (EM) 	Elapsed: 2.073	Loglikelihood: -1.33911e+07	(delta): 74940.9
4 (EM) 	Elapsed: 2.046	Loglikelihood: -1.33491e+07	(delta): 41992.2
5 (EM) 	Elapsed: 2.084	Loglikelihood: -1.33164e+07	(delta): 32715.4
Initial loglikelihood: -1.33164e+07
Starting main algorithm
1 (QN/Block) 	Elapsed: 3.65	Loglikelihood: -1.21969e+07	(delta): 1.11946e+06
2 (QN/Block) 	Elapsed: 3.808	Loglikelihood: -1.192e+07	(delta): 276900
3 (QN/Block) 	Elapsed: 3.884	Loglikelihood: -1.1821e+07	(delta): 99053.5
4 (QN/Block) 	Elapsed: 3.743	Loglikelihood: -1.17833e+07	(delta): 37661
5 (QN/Block) 	Elapsed: 3.885	Loglikelihood: -1.17752e+07	(delta): 8134.4
6 (QN/Block) 	Elapsed: 3.893	Loglikelihood: -1.17715e+07	(delta): 3671.25
7 (QN/Block) 	Elapsed: 3.974	Loglikelihood: -1.17697e+07	(delta): 1808.25
8 (QN/Block) 	Elapsed: 3.931	Loglikelihood: -1.17678e+07	(delta): 1918.15
9 (QN/Block) 	Elapsed: 3.947	Loglikelihood: -1.17674e+07	(delta): 429.871
10 (QN/Block) 	Elapsed: 3.736	Loglikelihood: -1.17672e+07	(delta): 213.993
11 (QN/Block) 	Elapsed: 3.755	Loglikelihood: -1.1767e+07	(delta): 106.221
12 (QN/Block) 	Elapsed: 3.802	Loglikelihood: -1.1767e+07	(delta): 61.2497
13 (QN/Block) 	Elapsed: 3.729	Loglikelihood: -1.17669e+07	(delta): 92.2768
14 (QN/Block) 	Elapsed: 3.768	Loglikelihood: -1.17669e+07	(delta): 41.4011
15 (QN/Block) 	Elapsed: 3.773	Loglikelihood: -1.17668e+07	(delta): 23.7768
16 (QN/Block) 	Elapsed: 3.936	Loglikelihood: -1.17668e+07	(delta): 15.8923
17 (QN/Block) 	Elapsed: 4.011	Loglikelihood: -1.17668e+07	(delta): 15.0695
18 (QN/Block) 	Elapsed: 3.75	Loglikelihood: -1.17668e+07	(delta): 12.8086
19 (QN/Block) 	Elapsed: 3.757	Loglikelihood: -1.17668e+07	(delta): 7.3311
20 (QN/Block) 	Elapsed: 3.758	Loglikelihood: -1.17668e+07	(delta): 3.90247
21 (QN/Block) 	Elapsed: 3.757	Loglikelihood: -1.17668e+07	(delta): 4.57349
22 (QN/Block) 	Elapsed: 3.751	Loglikelihood: -1.17668e+07	(delta): 2.75539
23 (QN/Block) 	Elapsed: 3.753	Loglikelihood: -1.17668e+07	(delta): 1.79519
24 (QN/Block) 	Elapsed: 3.753	Loglikelihood: -1.17668e+07	(delta): 0.83081
25 (QN/Block) 	Elapsed: 3.742	Loglikelihood: -1.17668e+07	(delta): 1.92688
26 (QN/Block) 	Elapsed: 3.711	Loglikelihood: -1.17668e+07	(delta): 0.768977
27 (QN/Block) 	Elapsed: 3.458	Loglikelihood: -1.17668e+07	(delta): 0.433085
28 (QN/Block) 	Elapsed: 3.467	Loglikelihood: -1.17668e+07	(delta): 0.0992913
29 (QN/Block) 	Elapsed: 3.499	Loglikelihood: -1.17668e+07	(delta): 0.134245
30 (QN/Block) 	Elapsed: 3.453	Loglikelihood: -1.17668e+07	(delta): 0.114917
31 (QN/Block) 	Elapsed: 3.46	Loglikelihood: -1.17668e+07	(delta): 0.0611773
32 (QN/Block) 	Elapsed: 3.447	Loglikelihood: -1.17668e+07	(delta): 0.0126313
33 (QN/Block) 	Elapsed: 3.456	Loglikelihood: -1.17668e+07	(delta): 0.0122844
34 (QN/Block) 	Elapsed: 3.502	Loglikelihood: -1.17668e+07	(delta): 0.0144597
35 (QN/Block) 	Elapsed: 3.455	Loglikelihood: -1.17668e+07	(delta): 0.00741334
36 (QN/Block) 	Elapsed: 3.508	Loglikelihood: -1.17668e+07	(delta): 0.00105878
37 (QN/Block) 	Elapsed: 3.494	Loglikelihood: -1.17668e+07	(delta): 0.000489431
38 (QN/Block) 	Elapsed: 3.472	Loglikelihood: -1.17668e+07	(delta): 3.41721e-05
Summary: 
Converged in 38 iterations (152.897 sec)
Loglikelihood: -11766760.851234
Fst divergences between estimated populations: 
	Pop0	Pop1	Pop2	Pop3	Pop4	Pop5	Pop6	Pop7	
Pop0	
Pop1	0.197	
Pop2	0.267	0.251	
Pop3	0.271	0.251	0.065	
Pop4	0.244	0.226	0.206	0.213	
Pop5	0.206	0.197	0.233	0.237	0.226	
Pop6	0.271	0.253	0.117	0.123	0.224	0.243	
Pop7	0.302	0.285	0.101	0.156	0.239	0.272	0.168	
Pop8	0.286	0.265	0.123	0.126	0.214	0.253	0.155	0.143	
CV error (K=9): 0.45626
Writing output files.
