****                   ADMIXTURE Version 1.3.0                  ****
****                    Copyright 2008-2015                     ****
****           David Alexander, Suyash Shringarpure,            ****
****                John  Novembre, Ken Lange                   ****
****                                                            ****
****                 Please cite our paper!                     ****
****   Information at www.genetics.ucla.edu/software/admixture  ****

Cross-validation will be performed.  Folds=10.
Parallel execution requested.  Will use 8 threads.
Random seed: 43
Point estimation method: Block relaxation algorithm
Convergence acceleration algorithm: QuasiNewton, 3 secant conditions
Point estimation will terminate when objective function delta < 0.0001
Estimation of standard errors disabled; will compute point estimates only.
Size of G: 948x14387
Performing five EM steps to prime main algorithm
1 (EM) 	Elapsed: 2.159	Loglikelihood: -1.38476e+07	(delta): 5.99554e+06
2 (EM) 	Elapsed: 2.132	Loglikelihood: -1.34527e+07	(delta): 394899
3 (EM) 	Elapsed: 2.151	Loglikelihood: -1.33822e+07	(delta): 70427.6
4 (EM) 	Elapsed: 2.197	Loglikelihood: -1.33434e+07	(delta): 38793.8
5 (EM) 	Elapsed: 2.084	Loglikelihood: -1.33129e+07	(delta): 30558.1
Initial loglikelihood: -1.33129e+07
Starting main algorithm
1 (QN/Block) 	Elapsed: 3.812	Loglikelihood: -1.22116e+07	(delta): 1.10124e+06
2 (QN/Block) 	Elapsed: 3.999	Loglikelihood: -1.1946e+07	(delta): 265682
3 (QN/Block) 	Elapsed: 4.014	Loglikelihood: -1.18331e+07	(delta): 112816
4 (QN/Block) 	Elapsed: 4.05	Loglikelihood: -1.17783e+07	(delta): 54876.8
5 (QN/Block) 	Elapsed: 3.951	Loglikelihood: -1.17585e+07	(delta): 19794.9
6 (QN/Block) 	Elapsed: 3.858	Loglikelihood: -1.17501e+07	(delta): 8397.27
7 (QN/Block) 	Elapsed: 4.006	Loglikelihood: -1.17484e+07	(delta): 1636.76
8 (QN/Block) 	Elapsed: 3.906	Loglikelihood: -1.17479e+07	(delta): 567.167
9 (QN/Block) 	Elapsed: 3.909	Loglikelihood: -1.17476e+07	(delta): 273.502
10 (QN/Block) 	Elapsed: 4.108	Loglikelihood: -1.17475e+07	(delta): 149.554
11 (QN/Block) 	Elapsed: 4.21	Loglikelihood: -1.17473e+07	(delta): 109.228
12 (QN/Block) 	Elapsed: 3.921	Loglikelihood: -1.17472e+07	(delta): 98.5638
13 (QN/Block) 	Elapsed: 3.858	Loglikelihood: -1.17471e+07	(delta): 106.999
14 (QN/Block) 	Elapsed: 3.958	Loglikelihood: -1.1747e+07	(delta): 88.3168
15 (QN/Block) 	Elapsed: 3.859	Loglikelihood: -1.1747e+07	(delta): 61.549
16 (QN/Block) 	Elapsed: 3.892	Loglikelihood: -1.17469e+07	(delta): 57.2225
17 (QN/Block) 	Elapsed: 3.901	Loglikelihood: -1.17469e+07	(delta): 55.4216
18 (QN/Block) 	Elapsed: 3.883	Loglikelihood: -1.17468e+07	(delta): 35.3412
19 (QN/Block) 	Elapsed: 3.833	Loglikelihood: -1.17468e+07	(delta): 33.5245
20 (QN/Block) 	Elapsed: 3.892	Loglikelihood: -1.17468e+07	(delta): 22.6868
21 (QN/Block) 	Elapsed: 3.904	Loglikelihood: -1.17468e+07	(delta): 17.407
22 (QN/Block) 	Elapsed: 3.843	Loglikelihood: -1.17468e+07	(delta): 7.74384
23 (QN/Block) 	Elapsed: 3.836	Loglikelihood: -1.17467e+07	(delta): 19.6608
24 (QN/Block) 	Elapsed: 3.899	Loglikelihood: -1.17467e+07	(delta): 8.76981
25 (QN/Block) 	Elapsed: 3.842	Loglikelihood: -1.17467e+07	(delta): 5.77063
26 (QN/Block) 	Elapsed: 3.848	Loglikelihood: -1.17467e+07	(delta): 2.56972
27 (QN/Block) 	Elapsed: 3.853	Loglikelihood: -1.17467e+07	(delta): 5.72077
28 (QN/Block) 	Elapsed: 3.86	Loglikelihood: -1.17467e+07	(delta): 1.48323
29 (QN/Block) 	Elapsed: 4.029	Loglikelihood: -1.17467e+07	(delta): 0.803206
30 (QN/Block) 	Elapsed: 3.873	Loglikelihood: -1.17467e+07	(delta): 0.215731
31 (QN/Block) 	Elapsed: 3.863	Loglikelihood: -1.17467e+07	(delta): 0.766463
32 (QN/Block) 	Elapsed: 3.865	Loglikelihood: -1.17467e+07	(delta): 0.105086
33 (QN/Block) 	Elapsed: 3.919	Loglikelihood: -1.17467e+07	(delta): 0.0643727
34 (QN/Block) 	Elapsed: 3.929	Loglikelihood: -1.17467e+07	(delta): 0.0228998
35 (QN/Block) 	Elapsed: 3.869	Loglikelihood: -1.17467e+07	(delta): 0.0213168
36 (QN/Block) 	Elapsed: 3.871	Loglikelihood: -1.17467e+07	(delta): 0.0199089
37 (QN/Block) 	Elapsed: 3.892	Loglikelihood: -1.17467e+07	(delta): 0.00848867
38 (QN/Block) 	Elapsed: 3.871	Loglikelihood: -1.17467e+07	(delta): 0.00141784
39 (QN/Block) 	Elapsed: 3.889	Loglikelihood: -1.17467e+07	(delta): 0.000863926
40 (QN/Block) 	Elapsed: 3.848	Loglikelihood: -1.17467e+07	(delta): 0.00114769
41 (QN/Block) 	Elapsed: 3.843	Loglikelihood: -1.17467e+07	(delta): 0.000796081
42 (QN/Block) 	Elapsed: 3.925	Loglikelihood: -1.17467e+07	(delta): 0.000150122
43 (QN/Block) 	Elapsed: 3.845	Loglikelihood: -1.17467e+07	(delta): 3.42298e-05
Summary: 
Converged in 43 iterations (180.417 sec)
Loglikelihood: -11746712.705435
Fst divergences between estimated populations: 
	Pop0	Pop1	Pop2	Pop3	Pop4	Pop5	Pop6	Pop7	Pop8	
Pop0	
Pop1	0.253	
Pop2	0.265	0.197	
Pop3	0.155	0.243	0.254	
Pop4	0.143	0.272	0.285	0.168	
Pop5	0.126	0.237	0.252	0.123	0.156	
Pop6	0.123	0.233	0.251	0.118	0.101	0.066	
Pop7	0.287	0.206	0.197	0.272	0.302	0.271	0.267	
Pop8	0.238	0.246	0.241	0.251	0.264	0.244	0.237	0.266	
Pop9	0.220	0.237	0.241	0.229	0.241	0.215	0.206	0.256	0.112	
CV error (K=10): 0.45693
Writing output files.
