****                   ADMIXTURE Version 1.3.0                  ****
****                    Copyright 2008-2015                     ****
****           David Alexander, Suyash Shringarpure,            ****
****                John  Novembre, Ken Lange                   ****
****                                                            ****
****                 Please cite our paper!                     ****
****   Information at www.genetics.ucla.edu/software/admixture  ****

Cross-validation will be performed.  Folds=10.
Parallel execution requested.  Will use 8 threads.
Random seed: 43
Point estimation method: Block relaxation algorithm
Convergence acceleration algorithm: QuasiNewton, 3 secant conditions
Point estimation will terminate when objective function delta < 0.0001
Estimation of standard errors disabled; will compute point estimates only.
Size of G: 948x14387
Performing five EM steps to prime main algorithm
1 (EM) 	Elapsed: 0.168	Loglikelihood: -1.32034e+07	(delta): 1.43147e+07
2 (EM) 	Elapsed: 0.164	Loglikelihood: -1.32034e+07	(delta): 0
3 (EM) 	Elapsed: 0.158	Loglikelihood: -1.32034e+07	(delta): 1.86265e-09
4 (EM) 	Elapsed: 0.159	Loglikelihood: -1.32034e+07	(delta): -1.86265e-09
5 (EM) 	Elapsed: 0.157	Loglikelihood: -1.32034e+07	(delta): 1.86265e-09
Initial loglikelihood: -1.32034e+07
Starting main algorithm
1 (QN/Block) 	Elapsed: 0.89	Loglikelihood: -1.32034e+07	(delta): 0
Summary: 
Converged in 1 iterations (1.872 sec)
Loglikelihood: -13203362.074929
CV error (K=1): 0.55086
Writing output files.
