****                   ADMIXTURE Version 1.3.0                  ****
****                    Copyright 2008-2015                     ****
****           David Alexander, Suyash Shringarpure,            ****
****                John  Novembre, Ken Lange                   ****
****                                                            ****
****                 Please cite our paper!                     ****
****   Information at www.genetics.ucla.edu/software/admixture  ****

Cross-validation will be performed.  Folds=10.
Parallel execution requested.  Will use 8 threads.
Random seed: 43
Point estimation method: Block relaxation algorithm
Convergence acceleration algorithm: QuasiNewton, 3 secant conditions
Point estimation will terminate when objective function delta < 0.0001
Estimation of standard errors disabled; will compute point estimates only.
Size of G: 948x14387
Performing five EM steps to prime main algorithm
1 (EM) 	Elapsed: 1.269	Loglikelihood: -1.39217e+07	(delta): 6.54195e+06
2 (EM) 	Elapsed: 1.224	Loglikelihood: -1.351e+07	(delta): 411725
3 (EM) 	Elapsed: 1.268	Loglikelihood: -1.34147e+07	(delta): 95246.5
4 (EM) 	Elapsed: 1.28	Loglikelihood: -1.33591e+07	(delta): 55601.3
5 (EM) 	Elapsed: 1.272	Loglikelihood: -1.3318e+07	(delta): 41147.8
Initial loglikelihood: -1.3318e+07
Starting main algorithm
1 (QN/Block) 	Elapsed: 2.993	Loglikelihood: -1.23788e+07	(delta): 939167
2 (QN/Block) 	Elapsed: 2.982	Loglikelihood: -1.20532e+07	(delta): 325569
3 (QN/Block) 	Elapsed: 3.061	Loglikelihood: -1.19505e+07	(delta): 102702
4 (QN/Block) 	Elapsed: 3.048	Loglikelihood: -1.19108e+07	(delta): 39761
5 (QN/Block) 	Elapsed: 3.089	Loglikelihood: -1.1905e+07	(delta): 5747.62
6 (QN/Block) 	Elapsed: 3.095	Loglikelihood: -1.19039e+07	(delta): 1109.71
7 (QN/Block) 	Elapsed: 3.053	Loglikelihood: -1.19032e+07	(delta): 684.257
8 (QN/Block) 	Elapsed: 3.051	Loglikelihood: -1.1903e+07	(delta): 270.682
9 (QN/Block) 	Elapsed: 3.044	Loglikelihood: -1.19029e+07	(delta): 98.7923
10 (QN/Block) 	Elapsed: 3.041	Loglikelihood: -1.19028e+07	(delta): 30.0887
11 (QN/Block) 	Elapsed: 3.044	Loglikelihood: -1.19028e+07	(delta): 13.1165
12 (QN/Block) 	Elapsed: 3.051	Loglikelihood: -1.19028e+07	(delta): 2.84083
13 (QN/Block) 	Elapsed: 3.054	Loglikelihood: -1.19028e+07	(delta): 0.189346
14 (QN/Block) 	Elapsed: 3.041	Loglikelihood: -1.19028e+07	(delta): 0.022372
15 (QN/Block) 	Elapsed: 3.053	Loglikelihood: -1.19028e+07	(delta): 0.00156001
16 (QN/Block) 	Elapsed: 3.055	Loglikelihood: -1.19028e+07	(delta): 0.000315251
17 (QN/Block) 	Elapsed: 3.056	Loglikelihood: -1.19028e+07	(delta): 1.07456e-05
Summary: 
Converged in 17 iterations (59.008 sec)
Loglikelihood: -11902812.261198
Fst divergences between estimated populations: 
	Pop0	Pop1	Pop2	Pop3	Pop4	
Pop0	
Pop1	0.206	
Pop2	0.276	0.238	
Pop3	0.099	0.194	0.253	
Pop4	0.238	0.215	0.195	0.214	
Pop5	0.138	0.211	0.256	0.093	0.221	
CV error (K=6): 0.46231
Writing output files.
