****                   ADMIXTURE Version 1.3.0                  ****
****                    Copyright 2008-2015                     ****
****           David Alexander, Suyash Shringarpure,            ****
****                John  Novembre, Ken Lange                   ****
****                                                            ****
****                 Please cite our paper!                     ****
****   Information at www.genetics.ucla.edu/software/admixture  ****

Cross-validation will be performed.  Folds=10.
Parallel execution requested.  Will use 8 threads.
Random seed: 43
Point estimation method: Block relaxation algorithm
Convergence acceleration algorithm: QuasiNewton, 3 secant conditions
Point estimation will terminate when objective function delta < 0.0001
Estimation of standard errors disabled; will compute point estimates only.
Size of G: 948x14387
Performing five EM steps to prime main algorithm
1 (EM) 	Elapsed: 0.745	Loglikelihood: -1.39333e+07	(delta): 6.83375e+06
2 (EM) 	Elapsed: 0.75	Loglikelihood: -1.35205e+07	(delta): 412787
3 (EM) 	Elapsed: 0.752	Loglikelihood: -1.3418e+07	(delta): 102470
4 (EM) 	Elapsed: 0.753	Loglikelihood: -1.33588e+07	(delta): 59201.9
5 (EM) 	Elapsed: 0.751	Loglikelihood: -1.33169e+07	(delta): 41943
Initial loglikelihood: -1.33169e+07
Starting main algorithm
1 (QN/Block) 	Elapsed: 2.376	Loglikelihood: -1.25043e+07	(delta): 812602
2 (QN/Block) 	Elapsed: 2.377	Loglikelihood: -1.22821e+07	(delta): 222232
3 (QN/Block) 	Elapsed: 2.446	Loglikelihood: -1.21729e+07	(delta): 109138
4 (QN/Block) 	Elapsed: 2.562	Loglikelihood: -1.21076e+07	(delta): 65355.9
5 (QN/Block) 	Elapsed: 2.563	Loglikelihood: -1.20557e+07	(delta): 51879
6 (QN/Block) 	Elapsed: 2.538	Loglikelihood: -1.20358e+07	(delta): 19910.8
7 (QN/Block) 	Elapsed: 2.481	Loglikelihood: -1.20297e+07	(delta): 6101.2
8 (QN/Block) 	Elapsed: 2.521	Loglikelihood: -1.20275e+07	(delta): 2197.19
9 (QN/Block) 	Elapsed: 2.521	Loglikelihood: -1.20261e+07	(delta): 1410.77
10 (QN/Block) 	Elapsed: 2.522	Loglikelihood: -1.20251e+07	(delta): 940.632
11 (QN/Block) 	Elapsed: 2.567	Loglikelihood: -1.20236e+07	(delta): 1549.87
12 (QN/Block) 	Elapsed: 2.485	Loglikelihood: -1.20218e+07	(delta): 1790.61
13 (QN/Block) 	Elapsed: 2.484	Loglikelihood: -1.2021e+07	(delta): 780.304
14 (QN/Block) 	Elapsed: 2.492	Loglikelihood: -1.20208e+07	(delta): 220.122
15 (QN/Block) 	Elapsed: 2.487	Loglikelihood: -1.20207e+07	(delta): 71.2856
16 (QN/Block) 	Elapsed: 2.485	Loglikelihood: -1.20207e+07	(delta): 7.70828
17 (QN/Block) 	Elapsed: 2.485	Loglikelihood: -1.20207e+07	(delta): 1.47239
18 (QN/Block) 	Elapsed: 2.572	Loglikelihood: -1.20207e+07	(delta): 0.255238
19 (QN/Block) 	Elapsed: 2.537	Loglikelihood: -1.20207e+07	(delta): 0.0144989
20 (QN/Block) 	Elapsed: 2.442	Loglikelihood: -1.20207e+07	(delta): 0.00710595
21 (QN/Block) 	Elapsed: 2.586	Loglikelihood: -1.20207e+07	(delta): 0.00248819
22 (QN/Block) 	Elapsed: 2.494	Loglikelihood: -1.20207e+07	(delta): 4.14439e-05
Summary: 
Converged in 22 iterations (59.717 sec)
Loglikelihood: -12020712.357683
Fst divergences between estimated populations: 
	Pop0	Pop1	Pop2	Pop3	
Pop0	
Pop1	0.092	
Pop2	0.257	0.254	
Pop3	0.137	0.099	0.276	
Pop4	0.189	0.185	0.169	0.207	
CV error (K=5): 0.46938
Writing output files.
