****                   ADMIXTURE Version 1.3.0                  ****
****                    Copyright 2008-2015                     ****
****           David Alexander, Suyash Shringarpure,            ****
****                John  Novembre, Ken Lange                   ****
****                                                            ****
****                 Please cite our paper!                     ****
****   Information at www.genetics.ucla.edu/software/admixture  ****

Cross-validation will be performed.  Folds=10.
Parallel execution requested.  Will use 8 threads.
Random seed: 43
Point estimation method: Block relaxation algorithm
Convergence acceleration algorithm: QuasiNewton, 3 secant conditions
Point estimation will terminate when objective function delta < 0.0001
Estimation of standard errors disabled; will compute point estimates only.
Size of G: 948x14387
Performing five EM steps to prime main algorithm
1 (EM) 	Elapsed: 0.258	Loglikelihood: -1.37982e+07	(delta): 9.6543e+06
2 (EM) 	Elapsed: 0.256	Loglikelihood: -1.34027e+07	(delta): 395493
3 (EM) 	Elapsed: 0.255	Loglikelihood: -1.32972e+07	(delta): 105484
4 (EM) 	Elapsed: 0.257	Loglikelihood: -1.3246e+07	(delta): 51183.6
5 (EM) 	Elapsed: 0.257	Loglikelihood: -1.3219e+07	(delta): 27064.3
Initial loglikelihood: -1.3219e+07
Starting main algorithm
1 (QN/Block) 	Elapsed: 1.003	Loglikelihood: -1.29936e+07	(delta): 225394
2 (QN/Block) 	Elapsed: 1	Loglikelihood: -1.27511e+07	(delta): 242436
3 (QN/Block) 	Elapsed: 1.049	Loglikelihood: -1.25491e+07	(delta): 201995
4 (QN/Block) 	Elapsed: 1.113	Loglikelihood: -1.24835e+07	(delta): 65676.2
5 (QN/Block) 	Elapsed: 1.064	Loglikelihood: -1.24723e+07	(delta): 11153.7
6 (QN/Block) 	Elapsed: 1.116	Loglikelihood: -1.24718e+07	(delta): 500.098
7 (QN/Block) 	Elapsed: 1.072	Loglikelihood: -1.24717e+07	(delta): 68.098
8 (QN/Block) 	Elapsed: 1.122	Loglikelihood: -1.24717e+07	(delta): 3.86943
9 (QN/Block) 	Elapsed: 1.046	Loglikelihood: -1.24717e+07	(delta): 0.116032
10 (QN/Block) 	Elapsed: 1.042	Loglikelihood: -1.24717e+07	(delta): 0.00373578
11 (QN/Block) 	Elapsed: 1.045	Loglikelihood: -1.24717e+07	(delta): 0.000218742
12 (QN/Block) 	Elapsed: 1.043	Loglikelihood: -1.24717e+07	(delta): 5.74067e-06
Summary: 
Converged in 12 iterations (14.442 sec)
Loglikelihood: -12471730.360332
Fst divergences between estimated populations: 
	Pop0	
Pop0	
Pop1	0.185	
CV error (K=2): 0.49864
Writing output files.
